#
# There is insufficient memory for the Java Runtime Environment to continue.
# Native memory allocation (malloc) failed to allocate 178128 bytes. Error detail: Chunk::new
# Possible reasons:
#   The system is out of physical RAM or swap space
#   This process is running with CompressedOops enabled, and the Java Heap may be blocking the growth of the native heap
# Possible solutions:
#   Reduce memory load on the system
#   Increase physical memory or swap space
#   Check if swap backing store is full
#   Decrease Java heap size (-Xmx/-Xms)
#   Decrease number of Java threads
#   Decrease Java thread stack sizes (-Xss)
#   Set larger code cache with -XX:ReservedCodeCacheSize=
#   JVM is running with Zero Based Compressed Oops mode in which the Java heap is
#     placed in the first 32GB address space. The Java Heap base address is the
#     maximum limit for the native heap growth. Please use -XX:HeapBaseMinAddress
#     to set the Java Heap base and to place the Java Heap above 32GB virtual address.
# This output file may be truncated or incomplete.
#
#  Out of Memory Error (arena.cpp:168), pid=21164, tid=27912
#
# JRE version: OpenJDK Runtime Environment (21.0.8) (build 21.0.8+-14196175-b1038.72)
# Java VM: OpenJDK 64-Bit Server VM (21.0.8+-14196175-b1038.72, mixed mode, tiered, compressed oops, compressed class ptrs, g1 gc, windows-amd64)
# No core dump will be written. Minidumps are not enabled by default on client versions of Windows
#

---------------  S U M M A R Y ------------

Command Line: org.jetbrains.kotlin.cli.jvm.K2JVMCompiler @C:\Users\EL-Mostwred\StudioProjects\rasikh\build\shared_preferences_android\20260825_2287812314300154656.compiler.options

Host: Intel(R) Core(TM) i7-9750H CPU @ 2.60GHz, 12 cores, 31G,  Windows 11 , 64 bit Build 26100 (10.0.26100.9168)
Time: Tue Aug 25 20:03:29 2026 Egypt Daylight Time elapsed time: 21.319213 seconds (0d 0h 0m 21s)

---------------  T H R E A D  ---------------

Current thread (0x0000022cfcdbd830):  JavaThread "C2 CompilerThread1" daemon [_thread_in_native, id=27912, stack(0x0000007082500000,0x0000007082600000) (1024K)]


Current CompileTask:
C2:21319 12462       4       org.jetbrains.kotlin.ir.descriptors.IrBasedDescriptorsKt::getContainingDeclaration (143 bytes)

Stack: [0x0000007082500000,0x0000007082600000]
Native frames: (J=compiled Java code, j=interpreted, Vv=VM code, C=native code)
V  [jvm.dll+0x6d68d9]
V  [jvm.dll+0x866693]
V  [jvm.dll+0x868c4e]
V  [jvm.dll+0x869333]
V  [jvm.dll+0x280566]
V  [jvm.dll+0xc07cd]
V  [jvm.dll+0xc0d03]
V  [jvm.dll+0x13ca9f]
V  [jvm.dll+0x667365]
V  [jvm.dll+0x6658be]
V  [jvm.dll+0x2490cf]
V  [jvm.dll+0x248821]
V  [jvm.dll+0x1c73a4]
V  [jvm.dll+0x257f9e]
V  [jvm.dll+0x2564e6]
V  [jvm.dll+0x3f4696]
V  [jvm.dll+0x80eac8]
V  [jvm.dll+0x6d512d]
C  [ucrtbase.dll+0x2cd30]
C  [KERNEL32.DLL+0x2ccb7]
C  [ntdll.dll+0xaad6c]


---------------  P R O C E S S  ---------------

Threads class SMR info:
_java_thread_list=0x0000022cfc27ee40, length=13, elements={
0x0000022cd446f530, 0x0000022cf389e610, 0x0000022cf38aa060, 0x0000022cf38aaac0,
0x0000022cf38d8830, 0x0000022cf38d9e20, 0x0000022cf38bddf0, 0x0000022cf38be850,
0x0000022cf38c0df0, 0x0000022cf38ddf70, 0x0000022cf3a91aa0, 0x0000022cfcdbd830,
0x0000022cfcdc3e60
}

Java Threads: ( => current thread )
  0x0000022cd446f530 JavaThread "main"                              [_thread_in_native, id=11876, stack(0x0000007080800000,0x0000007080900000) (1024K)]
  0x0000022cf389e610 JavaThread "Common-Cleaner"             daemon [_thread_blocked, id=16352, stack(0x0000007081000000,0x0000007081100000) (1024K)]
  0x0000022cf38aa060 JavaThread "Reference Handler"          daemon [_thread_blocked, id=17288, stack(0x0000007081100000,0x0000007081200000) (1024K)]
  0x0000022cf38aaac0 JavaThread "Finalizer"                  daemon [_thread_blocked, id=4204, stack(0x0000007081200000,0x0000007081300000) (1024K)]
  0x0000022cf38d8830 JavaThread "Signal Dispatcher"          daemon [_thread_blocked, id=18188, stack(0x0000007081300000,0x0000007081400000) (1024K)]
  0x0000022cf38d9e20 JavaThread "Attach Listener"            daemon [_thread_blocked, id=10812, stack(0x0000007081400000,0x0000007081500000) (1024K)]
  0x0000022cf38bddf0 JavaThread "Service Thread"             daemon [_thread_blocked, id=28324, stack(0x0000007081500000,0x0000007081600000) (1024K)]
  0x0000022cf38be850 JavaThread "Monitor Deflation Thread"   daemon [_thread_blocked, id=19568, stack(0x0000007081600000,0x0000007081700000) (1024K)]
  0x0000022cf38c0df0 JavaThread "C2 CompilerThread0"         daemon [_thread_in_native, id=26788, stack(0x0000007081700000,0x0000007081800000) (1024K)]
  0x0000022cf38ddf70 JavaThread "C1 CompilerThread0"         daemon [_thread_blocked, id=1972, stack(0x0000007081800000,0x0000007081900000) (1024K)]
  0x0000022cf3a91aa0 JavaThread "Notification Thread"        daemon [_thread_blocked, id=24480, stack(0x0000007081900000,0x0000007081a00000) (1024K)]
=>0x0000022cfcdbd830 JavaThread "C2 CompilerThread1"         daemon [_thread_in_native, id=27912, stack(0x0000007082500000,0x0000007082600000) (1024K)]
  0x0000022cfcdc3e60 JavaThread "C2 CompilerThread2"         daemon [_thread_blocked, id=7132, stack(0x0000007082600000,0x0000007082700000) (1024K)]
Total: 13

Other Threads:
  0x0000022cf386a7b0 VMThread "VM Thread"                           [id=28376, stack(0x0000007080f00000,0x0000007081000000) (1024K)]
  0x0000022cf2e2ef10 WatcherThread "VM Periodic Task Thread"        [id=23360, stack(0x0000007080e00000,0x0000007080f00000) (1024K)]
  0x0000022cd45129b0 WorkerThread "GC Thread#0"                     [id=26372, stack(0x0000007080900000,0x0000007080a00000) (1024K)]
  0x0000022cf866f220 WorkerThread "GC Thread#1"                     [id=21740, stack(0x0000007081a00000,0x0000007081b00000) (1024K)]
  0x0000022cf866f5c0 WorkerThread "GC Thread#2"                     [id=9636, stack(0x0000007081b00000,0x0000007081c00000) (1024K)]
  0x0000022cf866f960 WorkerThread "GC Thread#3"                     [id=8760, stack(0x0000007081c00000,0x0000007081d00000) (1024K)]
  0x0000022cf866fd00 WorkerThread "GC Thread#4"                     [id=27092, stack(0x0000007081d00000,0x0000007081e00000) (1024K)]
  0x0000022cf86700a0 WorkerThread "GC Thread#5"                     [id=17232, stack(0x0000007081e00000,0x0000007081f00000) (1024K)]
  0x0000022cf8670440 WorkerThread "GC Thread#6"                     [id=28372, stack(0x0000007081f00000,0x0000007082000000) (1024K)]
  0x0000022cf862d6a0 WorkerThread "GC Thread#7"                     [id=27992, stack(0x0000007082000000,0x0000007082100000) (1024K)]
  0x0000022cf862e520 WorkerThread "GC Thread#8"                     [id=8140, stack(0x0000007082100000,0x0000007082200000) (1024K)]
  0x0000022cf862e180 WorkerThread "GC Thread#9"                     [id=21540, stack(0x0000007082200000,0x0000007082300000) (1024K)]
  0x0000022cd4524e60 ConcurrentGCThread "G1 Main Marker"            [id=6060, stack(0x0000007080a00000,0x0000007080b00000) (1024K)]
  0x0000022cd4525960 WorkerThread "G1 Conc#0"                       [id=3628, stack(0x0000007080b00000,0x0000007080c00000) (1024K)]
  0x0000022cf862cbc0 WorkerThread "G1 Conc#1"                       [id=25664, stack(0x0000007082300000,0x0000007082400000) (1024K)]
  0x0000022cf862cf60 WorkerThread "G1 Conc#2"                       [id=14908, stack(0x0000007082400000,0x0000007082500000) (1024K)]
  0x0000022cf2cef8e0 ConcurrentGCThread "G1 Refine#0"               [id=6940, stack(0x0000007080c00000,0x0000007080d00000) (1024K)]
  0x0000022cf2cf1300 ConcurrentGCThread "G1 Service"                [id=14504, stack(0x0000007080d00000,0x0000007080e00000) (1024K)]
Total: 18

Threads with active compile tasks:
C2 CompilerThread0  21395 12412       4       org.jetbrains.kotlin.types.AbstractTypeMapper::mapType (561 bytes)
C2 CompilerThread1  21395 12462       4       org.jetbrains.kotlin.ir.descriptors.IrBasedDescriptorsKt::getContainingDeclaration (143 bytes)
Total: 2

VM state: not at safepoint (normal execution)

VM Mutex/Monitor currently owned by a thread: None

Heap address: 0x0000000603000000, size: 8144 MB, Compressed Oops mode: Zero based, Oop shift amount: 3

CDS archive(s) not mapped
Compressed class space mapped at: 0x0000000800000000-0x0000000840000000, reserved size: 1073741824
Narrow klass base: 0x0000000800000000, Narrow klass shift: 0, Narrow klass range: 0x40000000

GC Precious Log:
 CardTable entry size: 512
 Card Set container configuration: InlinePtr #cards 4 size 8 Array Of Cards #cards 32 size 80 Howl #buckets 8 coarsen threshold 7372 Howl Bitmap #cards 1024 size 144 coarsen threshold 921 Card regions per heap region 1 cards per card region 8192
 CPUs: 12 total, 12 available
 Memory: 32573M
 Large Page Support: Disabled
 NUMA Support: Disabled
 Compressed Oops: Enabled (Zero based)
 Heap Region Size: 4M
 Heap Min Capacity: 8M
 Heap Initial Capacity: 512M
 Heap Max Capacity: 8144M
 Pre-touch: Disabled
 Parallel Workers: 10
 Concurrent Workers: 3
 Concurrent Refinement Workers: 10
 Periodic GC: Disabled

Heap:
 garbage-first heap   total 311296K, used 158267K [0x0000000603000000, 0x0000000800000000)
  region size 4096K, 28 young (114688K), 1 survivors (4096K)
 Metaspace       used 94010K, committed 94272K, reserved 1179648K
  class space    used 10318K, committed 10432K, reserved 1048576K

Heap Regions: E=young(eden), S=young(survivor), O=old, HS=humongous(starts), HC=humongous(continues), CS=collection set, F=free, TAMS=top-at-mark-start, PB=parsable bottom
|   0|0x0000000603000000, 0x0000000603400000, 0x0000000603400000|100%|HS|  |TAMS 0x0000000603000000| PB 0x0000000603000000| Complete 
|   1|0x0000000603400000, 0x0000000603800000, 0x0000000603800000|100%| O|  |TAMS 0x0000000603400000| PB 0x0000000603400000| Untracked 
|   2|0x0000000603800000, 0x0000000603c00000, 0x0000000603c00000|100%| O|  |TAMS 0x0000000603800000| PB 0x0000000603800000| Untracked 
|   3|0x0000000603c00000, 0x0000000604000000, 0x0000000604000000|100%| O|  |TAMS 0x0000000603c00000| PB 0x0000000603c00000| Untracked 
|   4|0x0000000604000000, 0x0000000604400000, 0x0000000604400000|100%| O|  |TAMS 0x0000000604000000| PB 0x0000000604000000| Untracked 
|   5|0x0000000604400000, 0x0000000604800000, 0x0000000604800000|100%| O|  |TAMS 0x0000000604400000| PB 0x0000000604400000| Untracked 
|   6|0x0000000604800000, 0x0000000604c00000, 0x0000000604c00000|100%| O|  |TAMS 0x0000000604800000| PB 0x0000000604800000| Untracked 
|   7|0x0000000604c00000, 0x0000000605000000, 0x0000000605000000|100%| O|  |TAMS 0x0000000604c00000| PB 0x0000000604c00000| Untracked 
|   8|0x0000000605000000, 0x0000000605400000, 0x0000000605400000|100%| O|  |TAMS 0x0000000605000000| PB 0x0000000605000000| Untracked 
|   9|0x0000000605400000, 0x0000000605400000, 0x0000000605800000|  0%| F|  |TAMS 0x0000000605400000| PB 0x0000000605400000| Untracked 
|  10|0x0000000605800000, 0x0000000605c00000, 0x0000000605c00000|100%| O|  |TAMS 0x0000000605800000| PB 0x0000000605800000| Untracked 
|  11|0x0000000605c00000, 0x0000000606000000, 0x0000000606000000|100%| O|  |TAMS 0x0000000605c00000| PB 0x0000000605c00000| Untracked 
|  12|0x0000000606000000, 0x000000060628ed78, 0x0000000606400000| 63%| O|  |TAMS 0x0000000606000000| PB 0x0000000606000000| Untracked 
|  13|0x0000000606400000, 0x0000000606400000, 0x0000000606800000|  0%| F|  |TAMS 0x0000000606400000| PB 0x0000000606400000| Untracked 
|  14|0x0000000606800000, 0x0000000606c00000, 0x0000000606c00000|100%| S|CS|TAMS 0x0000000606800000| PB 0x0000000606800000| Complete 
|  15|0x0000000606c00000, 0x0000000606c00000, 0x0000000607000000|  0%| F|  |TAMS 0x0000000606c00000| PB 0x0000000606c00000| Untracked 
|  16|0x0000000607000000, 0x0000000607000000, 0x0000000607400000|  0%| F|  |TAMS 0x0000000607000000| PB 0x0000000607000000| Untracked 
|  17|0x0000000607400000, 0x0000000607400000, 0x0000000607800000|  0%| F|  |TAMS 0x0000000607400000| PB 0x0000000607400000| Untracked 
|  18|0x0000000607800000, 0x0000000607800000, 0x0000000607c00000|  0%| F|  |TAMS 0x0000000607800000| PB 0x0000000607800000| Untracked 
|  19|0x0000000607c00000, 0x0000000607c00000, 0x0000000608000000|  0%| F|  |TAMS 0x0000000607c00000| PB 0x0000000607c00000| Untracked 
|  20|0x0000000608000000, 0x0000000608000000, 0x0000000608400000|  0%| F|  |TAMS 0x0000000608000000| PB 0x0000000608000000| Untracked 
|  21|0x0000000608400000, 0x0000000608400000, 0x0000000608800000|  0%| F|  |TAMS 0x0000000608400000| PB 0x0000000608400000| Untracked 
|  22|0x0000000608800000, 0x0000000608800000, 0x0000000608c00000|  0%| F|  |TAMS 0x0000000608800000| PB 0x0000000608800000| Untracked 
|  23|0x0000000608c00000, 0x0000000608c00000, 0x0000000609000000|  0%| F|  |TAMS 0x0000000608c00000| PB 0x0000000608c00000| Untracked 
|  24|0x0000000609000000, 0x0000000609000000, 0x0000000609400000|  0%| F|  |TAMS 0x0000000609000000| PB 0x0000000609000000| Untracked 
|  25|0x0000000609400000, 0x0000000609400000, 0x0000000609800000|  0%| F|  |TAMS 0x0000000609400000| PB 0x0000000609400000| Untracked 
|  26|0x0000000609800000, 0x0000000609800000, 0x0000000609c00000|  0%| F|  |TAMS 0x0000000609800000| PB 0x0000000609800000| Untracked 
|  27|0x0000000609c00000, 0x0000000609c00000, 0x000000060a000000|  0%| F|  |TAMS 0x0000000609c00000| PB 0x0000000609c00000| Untracked 
|  28|0x000000060a000000, 0x000000060a000000, 0x000000060a400000|  0%| F|  |TAMS 0x000000060a000000| PB 0x000000060a000000| Untracked 
|  29|0x000000060a400000, 0x000000060a400000, 0x000000060a800000|  0%| F|  |TAMS 0x000000060a400000| PB 0x000000060a400000| Untracked 
|  30|0x000000060a800000, 0x000000060a800000, 0x000000060ac00000|  0%| F|  |TAMS 0x000000060a800000| PB 0x000000060a800000| Untracked 
|  31|0x000000060ac00000, 0x000000060ac00000, 0x000000060b000000|  0%| F|  |TAMS 0x000000060ac00000| PB 0x000000060ac00000| Untracked 
|  32|0x000000060b000000, 0x000000060b000000, 0x000000060b400000|  0%| F|  |TAMS 0x000000060b000000| PB 0x000000060b000000| Untracked 
|  33|0x000000060b400000, 0x000000060b400000, 0x000000060b800000|  0%| F|  |TAMS 0x000000060b400000| PB 0x000000060b400000| Untracked 
|  34|0x000000060b800000, 0x000000060b800000, 0x000000060bc00000|  0%| F|  |TAMS 0x000000060b800000| PB 0x000000060b800000| Untracked 
|  35|0x000000060bc00000, 0x000000060bc00000, 0x000000060c000000|  0%| F|  |TAMS 0x000000060bc00000| PB 0x000000060bc00000| Untracked 
|  36|0x000000060c000000, 0x000000060c000000, 0x000000060c400000|  0%| F|  |TAMS 0x000000060c000000| PB 0x000000060c000000| Untracked 
|  37|0x000000060c400000, 0x000000060c400000, 0x000000060c800000|  0%| F|  |TAMS 0x000000060c400000| PB 0x000000060c400000| Untracked 
|  38|0x000000060c800000, 0x000000060c800000, 0x000000060cc00000|  0%| F|  |TAMS 0x000000060c800000| PB 0x000000060c800000| Untracked 
|  39|0x000000060cc00000, 0x000000060cc00000, 0x000000060d000000|  0%| F|  |TAMS 0x000000060cc00000| PB 0x000000060cc00000| Untracked 
|  40|0x000000060d000000, 0x000000060d000000, 0x000000060d400000|  0%| F|  |TAMS 0x000000060d000000| PB 0x000000060d000000| Untracked 
|  41|0x000000060d400000, 0x000000060d400000, 0x000000060d800000|  0%| F|  |TAMS 0x000000060d400000| PB 0x000000060d400000| Untracked 
|  42|0x000000060d800000, 0x000000060d800000, 0x000000060dc00000|  0%| F|  |TAMS 0x000000060d800000| PB 0x000000060d800000| Untracked 
|  43|0x000000060dc00000, 0x000000060dc00000, 0x000000060e000000|  0%| F|  |TAMS 0x000000060dc00000| PB 0x000000060dc00000| Untracked 
|  44|0x000000060e000000, 0x000000060e000000, 0x000000060e400000|  0%| F|  |TAMS 0x000000060e000000| PB 0x000000060e000000| Untracked 
|  45|0x000000060e400000, 0x000000060e400000, 0x000000060e800000|  0%| F|  |TAMS 0x000000060e400000| PB 0x000000060e400000| Untracked 
|  46|0x000000060e800000, 0x000000060e800000, 0x000000060ec00000|  0%| F|  |TAMS 0x000000060e800000| PB 0x000000060e800000| Untracked 
|  47|0x000000060ec00000, 0x000000060ec00000, 0x000000060f000000|  0%| F|  |TAMS 0x000000060ec00000| PB 0x000000060ec00000| Untracked 
|  48|0x000000060f000000, 0x000000060f25ea98, 0x000000060f400000| 59%| E|  |TAMS 0x000000060f000000| PB 0x000000060f000000| Complete 
|  49|0x000000060f400000, 0x000000060f800000, 0x000000060f800000|100%| E|CS|TAMS 0x000000060f400000| PB 0x000000060f400000| Complete 
|  50|0x000000060f800000, 0x000000060fc00000, 0x000000060fc00000|100%| E|CS|TAMS 0x000000060f800000| PB 0x000000060f800000| Complete 
|  51|0x000000060fc00000, 0x0000000610000000, 0x0000000610000000|100%| E|CS|TAMS 0x000000060fc00000| PB 0x000000060fc00000| Complete 
|  52|0x0000000610000000, 0x0000000610400000, 0x0000000610400000|100%| E|CS|TAMS 0x0000000610000000| PB 0x0000000610000000| Complete 
|  53|0x0000000610400000, 0x0000000610800000, 0x0000000610800000|100%| E|CS|TAMS 0x0000000610400000| PB 0x0000000610400000| Complete 
|  54|0x0000000610800000, 0x0000000610c00000, 0x0000000610c00000|100%| E|CS|TAMS 0x0000000610800000| PB 0x0000000610800000| Complete 
|  55|0x0000000610c00000, 0x0000000611000000, 0x0000000611000000|100%| E|CS|TAMS 0x0000000610c00000| PB 0x0000000610c00000| Complete 
|  56|0x0000000611000000, 0x0000000611400000, 0x0000000611400000|100%| E|CS|TAMS 0x0000000611000000| PB 0x0000000611000000| Complete 
|  57|0x0000000611400000, 0x0000000611800000, 0x0000000611800000|100%| E|CS|TAMS 0x0000000611400000| PB 0x0000000611400000| Complete 
|  58|0x0000000611800000, 0x0000000611c00000, 0x0000000611c00000|100%| E|CS|TAMS 0x0000000611800000| PB 0x0000000611800000| Complete 
|  59|0x0000000611c00000, 0x0000000612000000, 0x0000000612000000|100%| E|CS|TAMS 0x0000000611c00000| PB 0x0000000611c00000| Complete 
|  60|0x0000000612000000, 0x0000000612400000, 0x0000000612400000|100%| E|CS|TAMS 0x0000000612000000| PB 0x0000000612000000| Complete 
|  61|0x0000000612400000, 0x0000000612800000, 0x0000000612800000|100%| E|CS|TAMS 0x0000000612400000| PB 0x0000000612400000| Complete 
|  62|0x0000000612800000, 0x0000000612c00000, 0x0000000612c00000|100%| E|  |TAMS 0x0000000612800000| PB 0x0000000612800000| Complete 
|  63|0x0000000612c00000, 0x0000000613000000, 0x0000000613000000|100%| E|CS|TAMS 0x0000000612c00000| PB 0x0000000612c00000| Complete 
|  64|0x0000000613000000, 0x0000000613400000, 0x0000000613400000|100%| E|CS|TAMS 0x0000000613000000| PB 0x0000000613000000| Complete 
|  65|0x0000000613400000, 0x0000000613800000, 0x0000000613800000|100%| E|CS|TAMS 0x0000000613400000| PB 0x0000000613400000| Complete 
|  66|0x0000000613800000, 0x0000000613c00000, 0x0000000613c00000|100%| E|CS|TAMS 0x0000000613800000| PB 0x0000000613800000| Complete 
|  67|0x0000000613c00000, 0x0000000614000000, 0x0000000614000000|100%| E|CS|TAMS 0x0000000613c00000| PB 0x0000000613c00000| Complete 
|  68|0x0000000614000000, 0x0000000614400000, 0x0000000614400000|100%| E|CS|TAMS 0x0000000614000000| PB 0x0000000614000000| Complete 
|  69|0x0000000614400000, 0x0000000614800000, 0x0000000614800000|100%| E|CS|TAMS 0x0000000614400000| PB 0x0000000614400000| Complete 
|  70|0x0000000614800000, 0x0000000614c00000, 0x0000000614c00000|100%| E|CS|TAMS 0x0000000614800000| PB 0x0000000614800000| Complete 
|  71|0x0000000614c00000, 0x0000000615000000, 0x0000000615000000|100%| E|CS|TAMS 0x0000000614c00000| PB 0x0000000614c00000| Complete 
|  72|0x0000000615000000, 0x0000000615400000, 0x0000000615400000|100%| E|CS|TAMS 0x0000000615000000| PB 0x0000000615000000| Complete 
| 120|0x0000000621000000, 0x0000000621400000, 0x0000000621400000|100%| E|CS|TAMS 0x0000000621000000| PB 0x0000000621000000| Complete 
| 127|0x0000000622c00000, 0x0000000623000000, 0x0000000623000000|100%| E|CS|TAMS 0x0000000622c00000| PB 0x0000000622c00000| Complete 
|2035|0x00000007ffc00000, 0x0000000800000000, 0x0000000800000000|100%| O|  |TAMS 0x00000007ffc00000| PB 0x00000007ffc00000| Untracked 

Card table byte_map: [0x0000022ce7b00000,0x0000022ce8af0000] _byte_map_base: 0x0000022ce4ae8000

Marking Bits: (CMBitMap*) 0x0000022cd45138c0
 Bits: [0x0000022ce8af0000, 0x0000022cf0a30000)

Polling page: 0x0000022cd22a0000

Metaspace:

Usage:
  Non-class:     81.73 MB used.
      Class:     10.08 MB used.
       Both:     91.81 MB used.

Virtual space:
  Non-class space:      128.00 MB reserved,      81.88 MB ( 64%) committed,  2 nodes.
      Class space:        1.00 GB reserved,      10.19 MB ( <1%) committed,  1 nodes.
             Both:        1.12 GB reserved,      92.06 MB (  8%) committed. 

Chunk freelists:
   Non-Class:  13.31 MB
       Class:  5.82 MB
        Both:  19.13 MB

MaxMetaspaceSize: unlimited
CompressedClassSpaceSize: 1.00 GB
Initial GC threshold: 21.00 MB
Current GC threshold: 111.69 MB
CDS: off
 - commit_granule_bytes: 65536.
 - commit_granule_words: 8192.
 - virtual_space_node_default_size: 8388608.
 - enlarge_chunks_in_place: 1.
 - use_allocation_guard: 0.


Internal statistics:

num_allocs_failed_limit: 9.
num_arena_births: 402.
num_arena_deaths: 0.
num_vsnodes_births: 3.
num_vsnodes_deaths: 0.
num_space_committed: 1471.
num_space_uncommitted: 0.
num_chunks_returned_to_freelist: 9.
num_chunks_taken_from_freelist: 3355.
num_chunk_merges: 9.
num_chunk_splits: 2838.
num_chunks_enlarged: 2607.
num_inconsistent_stats: 0.

CodeHeap 'non-profiled nmethods': size=120000Kb used=5920Kb max_used=5920Kb free=114079Kb
 bounds [0x0000022cdf090000, 0x0000022cdf660000, 0x0000022ce65c0000]
CodeHeap 'profiled nmethods': size=120000Kb used=38949Kb max_used=38949Kb free=81050Kb
 bounds [0x0000022cd75c0000, 0x0000022cd9bd0000, 0x0000022cdeaf0000]
CodeHeap 'non-nmethods': size=5760Kb used=1845Kb max_used=1929Kb free=3914Kb
 bounds [0x0000022cdeaf0000, 0x0000022cded60000, 0x0000022cdf090000]
CodeCache: size=245760Kb, used=46714Kb, max_used=46798Kb, free=199043Kb
 total_blobs=12733, nmethods=11898, adapters=734, full_count=0
Compilation: enabled, stopped_count=0, restarted_count=0

Compilation events (20 events):
Event: 21.282 Thread 0x0000022cf38ddf70 nmethod 12529 0x0000022cd9ba6710 code [0x0000022cd9ba68e0, 0x0000022cd9ba6d60]
Event: 21.284 Thread 0x0000022cfcdbd830 nmethod 12463 0x0000022cdf64cc10 code [0x0000022cdf64cdc0, 0x0000022cdf64d310]
Event: 21.284 Thread 0x0000022cfcdbd830 12462       4       org.jetbrains.kotlin.ir.descriptors.IrBasedDescriptorsKt::getContainingDeclaration (143 bytes)
Event: 21.290 Thread 0x0000022cf38ddf70 12531       3       java.util.HashMap::afterNodeRemoval (1 bytes)
Event: 21.290 Thread 0x0000022cf38ddf70 nmethod 12531 0x0000022cd9ba6e90 code [0x0000022cd9ba7020, 0x0000022cd9ba7128]
Event: 21.291 Thread 0x0000022cf38ddf70 12533       3       org.jetbrains.kotlin.backend.common.ir.IrInlineUtilsKt::isReifiable (87 bytes)
Event: 21.293 Thread 0x0000022cf38ddf70 nmethod 12533 0x0000022cd9ba7190 code [0x0000022cd9ba7460, 0x0000022cd9ba83a0]
Event: 21.293 Thread 0x0000022cf38ddf70 12535       3       org.jetbrains.kotlin.backend.jvm.codegen.FunctionCodegen::createFrameMapWithReceivers (308 bytes)
Event: 21.304 Thread 0x0000022cf38ddf70 nmethod 12535 0x0000022cd9ba8790 code [0x0000022cd9ba9440, 0x0000022cd9bb05e8]
Event: 21.304 Thread 0x0000022cf38ddf70 12539       3       org.jetbrains.kotlin.metadata.ProtoBuf$Type::writeTo (354 bytes)
Event: 21.308 Thread 0x0000022cf38ddf70 nmethod 12539 0x0000022cd9bb2b90 code [0x0000022cd9bb3240, 0x0000022cd9bb6178]
Event: 21.308 Thread 0x0000022cf38ddf70 12534       3       org.jetbrains.kotlin.backend.jvm.codegen.IrCodegenUtilsKt::isStatic (26 bytes)
Event: 21.309 Thread 0x0000022cf38ddf70 nmethod 12534 0x0000022cd9bb7510 code [0x0000022cd9bb7740, 0x0000022cd9bb7f08]
Event: 21.309 Thread 0x0000022cf38ddf70 12537       3       java.lang.invoke.MethodHandles::identity (87 bytes)
Event: 21.309 Thread 0x0000022cf38ddf70 nmethod 12537 0x0000022cd9bb8190 code [0x0000022cd9bb83a0, 0x0000022cd9bb87d0]
Event: 21.309 Thread 0x0000022cf38ddf70 12544       3       org.jetbrains.kotlin.fir.backend.generators.CallAndReferenceGenerator::convertArgument$lambda$53$insertCastToArgument (86 bytes)
Event: 21.311 Thread 0x0000022cf38ddf70 nmethod 12544 0x0000022cd9bb8a10 code [0x0000022cd9bb8dc0, 0x0000022cd9bba530]
Event: 21.311 Thread 0x0000022cf38ddf70 12546       3       org.jetbrains.kotlin.codegen.AsmUtil::boxPrimitiveType (42 bytes)
Event: 21.312 Thread 0x0000022cf38ddf70 nmethod 12546 0x0000022cd9bbad10 code [0x0000022cd9bbafc0, 0x0000022cd9bbbab8]
Event: 21.312 Thread 0x0000022cf38ddf70 12545       3       org.jetbrains.kotlin.fir.backend.generators.AdapterGenerator::applySuspendConversionIfNeeded$fir2ir (446 bytes)

GC Heap History (20 events):
Event: 5.355 GC heap before
{Heap before GC invocations=5 (full 0):
 garbage-first heap   total 53248K, used 36737K [0x0000000603000000, 0x0000000800000000)
  region size 4096K, 6 young (24576K), 1 survivors (4096K)
 Metaspace       used 35911K, committed 36160K, reserved 1114112K
  class space    used 4419K, committed 4544K, reserved 1048576K
}
Event: 5.361 GC heap after
{Heap after GC invocations=6 (full 0):
 garbage-first heap   total 53248K, used 18023K [0x0000000603000000, 0x0000000800000000)
  region size 4096K, 1 young (4096K), 1 survivors (4096K)
 Metaspace       used 35911K, committed 36160K, reserved 1114112K
  class space    used 4419K, committed 4544K, reserved 1048576K
}
Event: 5.364 GC heap before
{Heap before GC invocations=6 (full 0):
 garbage-first heap   total 53248K, used 18023K [0x0000000603000000, 0x0000000800000000)
  region size 4096K, 2 young (8192K), 1 survivors (4096K)
 Metaspace       used 35939K, committed 36160K, reserved 1114112K
  class space    used 4419K, committed 4544K, reserved 1048576K
}
Event: 5.372 GC heap after
{Heap after GC invocations=7 (full 0):
 garbage-first heap   total 290816K, used 18662K [0x0000000603000000, 0x0000000800000000)
  region size 4096K, 1 young (4096K), 1 survivors (4096K)
 Metaspace       used 35939K, committed 36160K, reserved 1114112K
  class space    used 4419K, committed 4544K, reserved 1048576K
}
Event: 7.619 GC heap before
{Heap before GC invocations=8 (full 0):
 garbage-first heap   total 81920K, used 71910K [0x0000000603000000, 0x0000000800000000)
  region size 4096K, 15 young (61440K), 1 survivors (4096K)
 Metaspace       used 49677K, committed 49856K, reserved 1114112K
  class space    used 5879K, committed 5952K, reserved 1048576K
}
Event: 7.635 GC heap after
{Heap after GC invocations=9 (full 0):
 garbage-first heap   total 90112K, used 22619K [0x0000000603000000, 0x0000000800000000)
  region size 4096K, 2 young (8192K), 2 survivors (8192K)
 Metaspace       used 49677K, committed 49856K, reserved 1114112K
  class space    used 5879K, committed 5952K, reserved 1048576K
}
Event: 9.058 GC heap before
{Heap before GC invocations=9 (full 0):
 garbage-first heap   total 90112K, used 67675K [0x0000000603000000, 0x0000000800000000)
  region size 4096K, 13 young (53248K), 2 survivors (8192K)
 Metaspace       used 54628K, committed 54912K, reserved 1114112K
  class space    used 6492K, committed 6656K, reserved 1048576K
}
Event: 9.100 GC heap after
{Heap after GC invocations=10 (full 0):
 garbage-first heap   total 94208K, used 33816K [0x0000000603000000, 0x0000000800000000)
  region size 4096K, 2 young (8192K), 2 survivors (8192K)
 Metaspace       used 54628K, committed 54912K, reserved 1114112K
  class space    used 6492K, committed 6656K, reserved 1048576K
}
Event: 10.223 GC heap before
{Heap before GC invocations=10 (full 0):
 garbage-first heap   total 94208K, used 58392K [0x0000000603000000, 0x0000000800000000)
  region size 4096K, 9 young (36864K), 2 survivors (8192K)
 Metaspace       used 60308K, committed 60608K, reserved 1114112K
  class space    used 7255K, committed 7424K, reserved 1048576K
}
Event: 10.254 GC heap after
{Heap after GC invocations=11 (full 0):
 garbage-first heap   total 94208K, used 39101K [0x0000000603000000, 0x0000000800000000)
  region size 4096K, 1 young (4096K), 1 survivors (4096K)
 Metaspace       used 60308K, committed 60608K, reserved 1114112K
  class space    used 7255K, committed 7424K, reserved 1048576K
}
Event: 11.567 GC heap before
{Heap before GC invocations=12 (full 0):
 garbage-first heap   total 94208K, used 71869K [0x0000000603000000, 0x0000000800000000)
  region size 4096K, 9 young (36864K), 1 survivors (4096K)
 Metaspace       used 62637K, committed 62912K, reserved 1114112K
  class space    used 7583K, committed 7744K, reserved 1048576K
}
Event: 11.606 GC heap after
{Heap after GC invocations=13 (full 0):
 garbage-first heap   total 94208K, used 44796K [0x0000000603000000, 0x0000000800000000)
  region size 4096K, 2 young (8192K), 2 survivors (8192K)
 Metaspace       used 62637K, committed 62912K, reserved 1114112K
  class space    used 7583K, committed 7744K, reserved 1048576K
}
Event: 13.163 GC heap before
{Heap before GC invocations=13 (full 0):
 garbage-first heap   total 94208K, used 73468K [0x0000000603000000, 0x0000000800000000)
  region size 4096K, 9 young (36864K), 2 survivors (8192K)
 Metaspace       used 64501K, committed 64832K, reserved 1114112K
  class space    used 7680K, committed 7808K, reserved 1048576K
}
Event: 13.220 GC heap after
{Heap after GC invocations=14 (full 0):
 garbage-first heap   total 94208K, used 48461K [0x0000000603000000, 0x0000000800000000)
  region size 4096K, 1 young (4096K), 1 survivors (4096K)
 Metaspace       used 64501K, committed 64832K, reserved 1114112K
  class space    used 7680K, committed 7808K, reserved 1048576K
}
Event: 14.695 GC heap before
{Heap before GC invocations=14 (full 0):
 garbage-first heap   total 94208K, used 77133K [0x0000000603000000, 0x0000000800000000)
  region size 4096K, 8 young (32768K), 1 survivors (4096K)
 Metaspace       used 68210K, committed 68544K, reserved 1114112K
  class space    used 8023K, committed 8192K, reserved 1048576K
}
Event: 14.723 GC heap after
{Heap after GC invocations=15 (full 0):
 garbage-first heap   total 94208K, used 52851K [0x0000000603000000, 0x0000000800000000)
  region size 4096K, 1 young (4096K), 1 survivors (4096K)
 Metaspace       used 68210K, committed 68544K, reserved 1114112K
  class space    used 8023K, committed 8192K, reserved 1048576K
}
Event: 16.262 GC heap before
{Heap before GC invocations=16 (full 0):
 garbage-first heap   total 94208K, used 77427K [0x0000000603000000, 0x0000000800000000)
  region size 4096K, 7 young (28672K), 1 survivors (4096K)
 Metaspace       used 72313K, committed 72640K, reserved 1114112K
  class space    used 8366K, committed 8512K, reserved 1048576K
}
Event: 16.283 GC heap after
{Heap after GC invocations=17 (full 0):
 garbage-first heap   total 94208K, used 54856K [0x0000000603000000, 0x0000000800000000)
  region size 4096K, 1 young (4096K), 1 survivors (4096K)
 Metaspace       used 72313K, committed 72640K, reserved 1114112K
  class space    used 8366K, committed 8512K, reserved 1048576K
}
Event: 17.528 GC heap before
{Heap before GC invocations=17 (full 0):
 garbage-first heap   total 94208K, used 79432K [0x0000000603000000, 0x0000000800000000)
  region size 4096K, 7 young (28672K), 1 survivors (4096K)
 Metaspace       used 77070K, committed 77376K, reserved 1179648K
  class space    used 8812K, committed 8960K, reserved 1048576K
}
Event: 17.557 GC heap after
{Heap after GC invocations=18 (full 0):
 garbage-first heap   total 311296K, used 55867K [0x0000000603000000, 0x0000000800000000)
  region size 4096K, 1 young (4096K), 1 survivors (4096K)
 Metaspace       used 77070K, committed 77376K, reserved 1179648K
  class space    used 8812K, committed 8960K, reserved 1048576K
}

Dll operation events (3 events):
Event: 0.027 Loaded shared library C:\Program Files\Android\Android Studio2\jbr\bin\java.dll
Event: 0.042 Loaded shared library C:\Program Files\Android\Android Studio2\jbr\bin\zip.dll
Event: 3.701 Loaded shared library C:\Program Files\Android\Android Studio2\jbr\bin\verify.dll

Deoptimization events (20 events):
Event: 21.296 Thread 0x0000022cd446f530 Uncommon trap: trap_request=0xffffffc6 fr.pc=0x0000022cdf5f5a84 relative=0x0000000000001004
Event: 21.296 Thread 0x0000022cd446f530 Uncommon trap: reason=bimorphic_or_optimized_type_check action=maybe_recompile pc=0x0000022cdf5f5a84 method=org.jetbrains.org.objectweb.asm.tree.analysis.Frame.execute(Lorg/jetbrains/org/objectweb/asm/tree/AbstractInsnNode;Lorg/jetbrains/org/objectweb/asm
Event: 21.296 Thread 0x0000022cd446f530 DEOPT PACKING pc=0x0000022cdf5f5a84 sp=0x00000070808fd8a0
Event: 21.296 Thread 0x0000022cd446f530 DEOPT UNPACKING pc=0x0000022cdeb446a2 sp=0x00000070808fd810 mode 2
Event: 21.296 Thread 0x0000022cd446f530 Uncommon trap: trap_request=0xffffffc6 fr.pc=0x0000022cdf5f5a84 relative=0x0000000000001004
Event: 21.296 Thread 0x0000022cd446f530 Uncommon trap: reason=bimorphic_or_optimized_type_check action=maybe_recompile pc=0x0000022cdf5f5a84 method=org.jetbrains.org.objectweb.asm.tree.analysis.Frame.execute(Lorg/jetbrains/org/objectweb/asm/tree/AbstractInsnNode;Lorg/jetbrains/org/objectweb/asm
Event: 21.296 Thread 0x0000022cd446f530 DEOPT PACKING pc=0x0000022cdf5f5a84 sp=0x00000070808fd8a0
Event: 21.296 Thread 0x0000022cd446f530 DEOPT UNPACKING pc=0x0000022cdeb446a2 sp=0x00000070808fd810 mode 2
Event: 21.296 Thread 0x0000022cd446f530 Uncommon trap: trap_request=0xffffff45 fr.pc=0x0000022cdf60fecc relative=0x000000000000062c
Event: 21.296 Thread 0x0000022cd446f530 Uncommon trap: reason=unstable_if action=reinterpret pc=0x0000022cdf60fecc method=org.jetbrains.kotlin.codegen.optimization.boxing.BoxingInterpreterKt.isJavaLangClassBoxing(Lorg/jetbrains/org/objectweb/asm/tree/AbstractInsnNode;)Z @ 49 c2
Event: 21.296 Thread 0x0000022cd446f530 DEOPT PACKING pc=0x0000022cdf60fecc sp=0x00000070808fdc60
Event: 21.296 Thread 0x0000022cd446f530 DEOPT UNPACKING pc=0x0000022cdeb446a2 sp=0x00000070808fdb88 mode 2
Event: 21.315 Thread 0x0000022cd446f530 Uncommon trap: trap_request=0xffffff45 fr.pc=0x0000022cdf61f8c8 relative=0x0000000000003fc8
Event: 21.315 Thread 0x0000022cd446f530 Uncommon trap: reason=unstable_if action=reinterpret pc=0x0000022cdf61f8c8 method=org.jetbrains.kotlin.builtins.PrimitiveType$Companion.getByShortName(Ljava/lang/String;)Lorg/jetbrains/kotlin/builtins/PrimitiveType; @ 12 c2
Event: 21.315 Thread 0x0000022cd446f530 DEOPT PACKING pc=0x0000022cdf61f8c8 sp=0x00000070808fd7a0
Event: 21.315 Thread 0x0000022cd446f530 DEOPT UNPACKING pc=0x0000022cdeb446a2 sp=0x00000070808fd578 mode 2
Event: 21.315 Thread 0x0000022cd446f530 Uncommon trap: trap_request=0xffffff45 fr.pc=0x0000022cdf618320 relative=0x00000000000006e0
Event: 21.315 Thread 0x0000022cd446f530 Uncommon trap: reason=unstable_if action=reinterpret pc=0x0000022cdf618320 method=org.jetbrains.kotlin.builtins.PrimitiveType$Companion.getByShortName(Ljava/lang/String;)Lorg/jetbrains/kotlin/builtins/PrimitiveType; @ 12 c2
Event: 21.315 Thread 0x0000022cd446f530 DEOPT PACKING pc=0x0000022cdf618320 sp=0x00000070808fd730
Event: 21.315 Thread 0x0000022cd446f530 DEOPT UNPACKING pc=0x0000022cdeb446a2 sp=0x00000070808fd570 mode 2

Classes loaded (20 events):
Event: 16.951 Loading class java/util/Formatter$Conversion
Event: 16.952 Loading class java/util/Formatter$Conversion done
Event: 16.952 Loading class java/util/Formatter$FormatSpecifier
Event: 16.953 Loading class java/util/Formatter$FormatSpecifier done
Event: 16.953 Loading class java/util/Formattable
Event: 16.953 Loading class java/util/Formattable done
Event: 16.953 Loading class java/util/Formatter$Flags
Event: 16.953 Loading class java/util/Formatter$Flags done
Event: 17.425 Loading class java/lang/Short$ShortCache
Event: 17.425 Loading class java/lang/Short$ShortCache done
Event: 17.874 Loading class java/util/Collections$SynchronizedMap
Event: 17.874 Loading class java/util/Collections$SynchronizedMap done
Event: 18.817 Loading class java/util/ArrayList$SubList$1
Event: 18.817 Loading class java/util/ArrayList$SubList$1 done
Event: 19.229 Loading class java/lang/TypeNotPresentException
Event: 19.229 Loading class java/lang/TypeNotPresentException done
Event: 19.419 Loading class java/util/Vector$Itr
Event: 19.419 Loading class java/util/Vector$Itr done
Event: 19.771 Loading class java/util/regex/Pattern$Dollar
Event: 19.771 Loading class java/util/regex/Pattern$Dollar done

Classes unloaded (0 events):
No events

Classes redefined (0 events):
No events

Internal exceptions (20 events):
Event: 17.935 Thread 0x0000022cd446f530 Exception <a 'java/lang/NoSuchMethodError'{0x0000000614cc7bb8}: 'java.lang.Object java.lang.invoke.DirectMethodHandle$Holder.invokeSpecial(java.lang.Object, java.lang.Object, int, java.lang.Object, int)'> (0x0000000614cc7bb8) 
thrown [s\src\hotspot\share\interpreter\linkResolver.cpp, line 784]
Event: 18.513 Thread 0x0000022cd446f530 Exception <a 'java/lang/NoSuchMethodError'{0x0000000613d6bcb8}: 'java.lang.Object java.lang.invoke.DirectMethodHandle$Holder.invokeStatic(java.lang.Object, java.lang.Object, int, java.lang.Object)'> (0x0000000613d6bcb8) 
thrown [s\src\hotspot\share\interpreter\linkResolver.cpp, line 784]
Event: 18.795 Thread 0x0000022cd446f530 Exception <a 'java/lang/NoSuchMethodError'{0x0000000613abbce8}: 'java.lang.Object java.lang.invoke.DirectMethodHandle$Holder.newInvokeSpecial(java.lang.Object, java.lang.Object, java.lang.Object, int, int, java.lang.Object)'> (0x0000000613abbce8) 
thrown [s\src\hotspot\share\interpreter\linkResolver.cpp, line 784]
Event: 18.795 Thread 0x0000022cd446f530 Exception <a 'java/lang/NoSuchMethodError'{0x0000000613abffb8}: 'java.lang.Object java.lang.invoke.DirectMethodHandle$Holder.invokeSpecial(java.lang.Object, java.lang.Object, java.lang.Object, java.lang.Object, int, int, java.lang.Object)'> (0x0000000613abffb8) 
thrown [s\src\hotspot\share\interpreter\linkResolver.cpp, line 784]
Event: 18.984 Thread 0x0000022cd446f530 Exception <a 'java/lang/NoSuchMethodError'{0x0000000613677308}: 'java.lang.Object java.lang.invoke.DirectMethodHandle$Holder.newInvokeSpecial(java.lang.Object, java.lang.Object, int, java.lang.Object)'> (0x0000000613677308) 
thrown [s\src\hotspot\share\interpreter\linkResolver.cpp, line 784]
Event: 18.985 Thread 0x0000022cd446f530 Exception <a 'java/lang/NoSuchMethodError'{0x000000061367b630}: 'java.lang.Object java.lang.invoke.DirectMethodHandle$Holder.invokeSpecial(java.lang.Object, java.lang.Object, java.lang.Object, int, java.lang.Object)'> (0x000000061367b630) 
thrown [s\src\hotspot\share\interpreter\linkResolver.cpp, line 784]
Event: 18.985 Thread 0x0000022cd446f530 Exception <a 'java/lang/NoSuchMethodError'{0x000000061367f000}: 'java.lang.Object java.lang.invoke.Invokers$Holder.linkToTargetMethod(java.lang.Object, int, java.lang.Object, java.lang.Object)'> (0x000000061367f000) 
thrown [s\src\hotspot\share\interpreter\linkResolver.cpp, line 784]
Event: 19.346 Thread 0x0000022cd446f530 Exception <a 'java/lang/NoSuchMethodError'{0x0000000612ebeef0}: 'java.lang.Object java.lang.invoke.DirectMethodHandle$Holder.invokeStatic(java.lang.Object, int, int)'> (0x0000000612ebeef0) 
thrown [s\src\hotspot\share\interpreter\linkResolver.cpp, line 784]
Event: 19.436 Thread 0x0000022cd446f530 Exception <a 'java/lang/NoSuchMethodError'{0x0000000612976f78}: 'java.lang.Object java.lang.invoke.DirectMethodHandle$Holder.invokeStatic(java.lang.Object, java.lang.Object, java.lang.Object, java.lang.Object, java.lang.Object, int, java.lang.Object, java.lang.Object)'> (0x0000000612976f78) 
thrown [s\src\hotspot\share\interpreter\linkResolver.cpp, line 784]
Event: 19.437 Thread 0x0000022cd446f530 Exception <a 'java/lang/NoSuchMethodError'{0x000000061297fd40}: 'java.lang.Object java.lang.invoke.DirectMethodHandle$Holder.newInvokeSpecial(java.lang.Object, java.lang.Object, java.lang.Object, java.lang.Object, java.lang.Object, int, java.lang.Object)'> (0x000000061297fd40) 
thrown [s\src\hotspot\share\interpreter\linkResolver.cpp, line 784]
Event: 19.437 Thread 0x0000022cd446f530 Exception <a 'java/lang/NoSuchMethodError'{0x0000000612983f30}: 'java.lang.Object java.lang.invoke.DirectMethodHandle$Holder.invokeSpecial(java.lang.Object, java.lang.Object, java.lang.Object, java.lang.Object, java.lang.Object, java.lang.Object, int, java.lang.Object)'> (0x0000000612983f30) 
thrown [s\src\hotspot\share\interpreter\linkResolver.cpp, line 784]
Event: 19.437 Thread 0x0000022cd446f530 Exception <a 'java/lang/NoSuchMethodError'{0x0000000612987a90}: 'java.lang.Object java.lang.invoke.Invokers$Holder.linkToTargetMethod(java.lang.Object, java.lang.Object, java.lang.Object, java.lang.Object, int, java.lang.Object, java.lang.Object)'> (0x0000000612987a90) 
thrown [s\src\hotspot\share\interpreter\linkResolver.cpp, line 784]
Event: 19.507 Thread 0x0000022cd446f530 Exception <a 'java/lang/NoSuchMethodError'{0x0000000612b7d478}: 'java.lang.Object java.lang.invoke.DirectMethodHandle$Holder.invokeStatic(java.lang.Object, java.lang.Object, int, int)'> (0x0000000612b7d478) 
thrown [s\src\hotspot\share\interpreter\linkResolver.cpp, line 784]
Event: 19.535 Thread 0x0000022cd446f530 Exception <a 'java/lang/NoSuchMethodError'{0x000000061248d508}: 'java.lang.Object java.lang.invoke.DirectMethodHandle$Holder.newInvokeSpecial(java.lang.Object, java.lang.Object, java.lang.Object, java.lang.Object, int, java.lang.Object)'> (0x000000061248d508) 
thrown [s\src\hotspot\share\interpreter\linkResolver.cpp, line 784]
Event: 19.536 Thread 0x0000022cd446f530 Exception <a 'java/lang/NoSuchMethodError'{0x00000006124917d8}: 'java.lang.Object java.lang.invoke.DirectMethodHandle$Holder.invokeSpecial(java.lang.Object, java.lang.Object, java.lang.Object, java.lang.Object, java.lang.Object, int, java.lang.Object)'> (0x00000006124917d8) 
thrown [s\src\hotspot\share\interpreter\linkResolver.cpp, line 784]
Event: 19.536 Thread 0x0000022cd446f530 Exception <a 'java/lang/NoSuchMethodError'{0x0000000612495918}: 'java.lang.Object java.lang.invoke.Invokers$Holder.linkToTargetMethod(java.lang.Object, java.lang.Object, java.lang.Object, int, java.lang.Object, java.lang.Object)'> (0x0000000612495918) 
thrown [s\src\hotspot\share\interpreter\linkResolver.cpp, line 784]
Event: 19.544 Thread 0x0000022cd446f530 Exception <a 'java/lang/NoSuchMethodError'{0x00000006124d9a68}: 'java.lang.Object java.lang.invoke.DirectMethodHandle$Holder.invokeStatic(java.lang.Object, java.lang.Object, java.lang.Object, java.lang.Object, int, java.lang.Object)'> (0x00000006124d9a68) 
thrown [s\src\hotspot\share\interpreter\linkResolver.cpp, line 784]
Event: 20.211 Thread 0x0000022cd446f530 Implicit null exception at 0x0000022cdf5a9da9 to 0x0000022cdf5aa128
Event: 20.499 Thread 0x0000022cd446f530 Implicit null exception at 0x0000022cdf5b3f60 to 0x0000022cdf5b3f90
Event: 20.791 Thread 0x0000022cd446f530 Exception <a 'java/lang/NoSuchMethodError'{0x0000000610549718}: 'java.lang.Object java.lang.invoke.DirectMethodHandle$Holder.invokeStatic(java.lang.Object, java.lang.Object, java.lang.Object, java.lang.Object, java.lang.Object, int)'> (0x0000000610549718) 
thrown [s\src\hotspot\share\interpreter\linkResolver.cpp, line 784]

ZGC Phase Switch (0 events):
No events

VM Operations (20 events):
Event: 19.690 Executing VM operation: HandshakeAllThreads (Deoptimize)
Event: 19.690 Executing VM operation: HandshakeAllThreads (Deoptimize) done
Event: 19.723 Executing VM operation: ICBufferFull
Event: 19.724 Executing VM operation: ICBufferFull done
Event: 19.792 Executing VM operation: HandshakeAllThreads (Deoptimize)
Event: 19.792 Executing VM operation: HandshakeAllThreads (Deoptimize) done
Event: 19.887 Executing VM operation: ICBufferFull
Event: 19.887 Executing VM operation: ICBufferFull done
Event: 20.077 Executing VM operation: ICBufferFull
Event: 20.077 Executing VM operation: ICBufferFull done
Event: 20.287 Executing VM operation: ICBufferFull
Event: 20.288 Executing VM operation: ICBufferFull done
Event: 20.503 Executing VM operation: ICBufferFull
Event: 20.503 Executing VM operation: ICBufferFull done
Event: 20.787 Executing VM operation: ICBufferFull
Event: 20.788 Executing VM operation: ICBufferFull done
Event: 21.037 Executing VM operation: ICBufferFull
Event: 21.037 Executing VM operation: ICBufferFull done
Event: 21.292 Executing VM operation: ICBufferFull
Event: 21.293 Executing VM operation: ICBufferFull done

Memory protections (0 events):
No events

Nmethod flushes (20 events):
Event: 14.812 Thread 0x0000022cf386a7b0 flushing  nmethod 0x0000022cd7aaa890
Event: 14.812 Thread 0x0000022cf386a7b0 flushing  nmethod 0x0000022cd7ab4090
Event: 14.812 Thread 0x0000022cf386a7b0 flushing  nmethod 0x0000022cd7ac0e90
Event: 14.812 Thread 0x0000022cf386a7b0 flushing  nmethod 0x0000022cd7acc810
Event: 14.812 Thread 0x0000022cf386a7b0 flushing  nmethod 0x0000022cd7add510
Event: 14.812 Thread 0x0000022cf386a7b0 flushing  nmethod 0x0000022cd7b1ce90
Event: 14.812 Thread 0x0000022cf386a7b0 flushing  nmethod 0x0000022cd7b2af10
Event: 14.812 Thread 0x0000022cf386a7b0 flushing  nmethod 0x0000022cd7b4e310
Event: 14.812 Thread 0x0000022cf386a7b0 flushing  nmethod 0x0000022cd7b87f90
Event: 14.812 Thread 0x0000022cf386a7b0 flushing  nmethod 0x0000022cd7b88810
Event: 14.812 Thread 0x0000022cf386a7b0 flushing  nmethod 0x0000022cd7b88d90
Event: 14.812 Thread 0x0000022cf386a7b0 flushing  nmethod 0x0000022cd7b89390
Event: 14.812 Thread 0x0000022cf386a7b0 flushing  nmethod 0x0000022cd7bac910
Event: 14.812 Thread 0x0000022cf386a7b0 flushing  nmethod 0x0000022cd7bb2990
Event: 14.812 Thread 0x0000022cf386a7b0 flushing  nmethod 0x0000022cd7bb2e90
Event: 14.812 Thread 0x0000022cf386a7b0 flushing osr nmethod 0x0000022cd7bb5110
Event: 14.812 Thread 0x0000022cf386a7b0 flushing  nmethod 0x0000022cd7bb6d90
Event: 14.812 Thread 0x0000022cf386a7b0 flushing  nmethod 0x0000022cd7d36e10
Event: 14.812 Thread 0x0000022cf386a7b0 flushing  nmethod 0x0000022cd7d73b90
Event: 14.812 Thread 0x0000022cf386a7b0 flushing  nmethod 0x0000022cd7da2f90

Events (20 events):
Event: 4.847 Thread 0x0000022cf38ddf70 Thread added: 0x0000022cf819db60
Event: 5.333 Thread 0x0000022cf819db60 Thread exited: 0x0000022cf819db60
Event: 5.687 Thread 0x0000022cf38ddf70 Thread added: 0x0000022cf819f6a0
Event: 5.703 Thread 0x0000022cf38ddf70 Thread added: 0x0000022cf819e900
Event: 10.002 Thread 0x0000022cf819e900 Thread exited: 0x0000022cf819e900
Event: 10.072 Thread 0x0000022cf819f6a0 Thread exited: 0x0000022cf819f6a0
Event: 10.201 Thread 0x0000022cf38ddf70 Thread added: 0x0000022cfe902f00
Event: 10.788 Thread 0x0000022cf38ddf70 Thread added: 0x0000022cfe900cf0
Event: 11.397 Thread 0x0000022cfe900cf0 Thread exited: 0x0000022cfe900cf0
Event: 11.446 Thread 0x0000022cf38ddf70 Thread added: 0x0000022cfe9035d0
Event: 13.226 Thread 0x0000022cfe9035d0 Thread exited: 0x0000022cfe9035d0
Event: 13.501 Thread 0x0000022cfe902f00 Thread exited: 0x0000022cfe902f00
Event: 13.691 Thread 0x0000022cf38ddf70 Thread added: 0x0000022cfe904a40
Event: 14.137 Thread 0x0000022cfe904a40 Thread exited: 0x0000022cfe904a40
Event: 14.898 Thread 0x0000022cf38ddf70 Thread added: 0x0000022cfe9079f0
Event: 16.308 Thread 0x0000022cfe9079f0 Thread exited: 0x0000022cfe9079f0
Event: 17.391 Thread 0x0000022cf38ddf70 Thread added: 0x0000022cf819cdc0
Event: 19.322 Thread 0x0000022cf819cdc0 Thread exited: 0x0000022cf819cdc0
Event: 19.580 Thread 0x0000022cf38ddf70 Thread added: 0x0000022cfcdbd830
Event: 20.776 Thread 0x0000022cf38ddf70 Thread added: 0x0000022cfcdc3e60


Dynamic libraries:
0x00007ff78f4a0000 - 0x00007ff78f4aa000 	C:\Program Files\Android\Android Studio2\jbr\bin\java.exe
0x00007fffd76e0000 - 0x00007fffd7946000 	C:\WINDOWS\SYSTEM32\ntdll.dll
0x00007fffd58c0000 - 0x00007fffd5989000 	C:\WINDOWS\System32\KERNEL32.DLL
0x00007fffd4df0000 - 0x00007fffd51ef000 	C:\WINDOWS\System32\KERNELBASE.dll
0x00007fffd5200000 - 0x00007fffd534c000 	C:\WINDOWS\System32\ucrtbase.dll
0x00007fffbd090000 - 0x00007fffbd0a8000 	C:\Program Files\Android\Android Studio2\jbr\bin\jli.dll
0x00007fffd6f70000 - 0x00007fffd7136000 	C:\WINDOWS\System32\USER32.dll
0x00007fffd4ab0000 - 0x00007fffd4ad7000 	C:\WINDOWS\System32\win32u.dll
0x00007fffd5c30000 - 0x00007fffd5c5b000 	C:\WINDOWS\System32\GDI32.dll
0x00007fffd4980000 - 0x00007fffd4aa9000 	C:\WINDOWS\System32\gdi32full.dll
0x00007fffd5360000 - 0x00007fffd5403000 	C:\WINDOWS\System32\msvcp_win.dll
0x00007fffa02d0000 - 0x00007fffa02eb000 	C:\Program Files\Android\Android Studio2\jbr\bin\VCRUNTIME140.dll
0x00007fffb71e0000 - 0x00007fffb7471000 	C:\WINDOWS\WinSxS\amd64_microsoft.windows.common-controls_6595b64144ccf1df_6.0.26100.8972_none_3e0da176e32f9d4b\COMCTL32.dll
0x00007fffd5740000 - 0x00007fffd57e9000 	C:\WINDOWS\System32\msvcrt.dll
0x00007fffd6560000 - 0x00007fffd6592000 	C:\WINDOWS\System32\IMM32.DLL
0x00007fffa02c0000 - 0x00007fffa02cc000 	C:\Program Files\Android\Android Studio2\jbr\bin\vcruntime140_1.dll
0x00007fffb5140000 - 0x00007fffb51cd000 	C:\Program Files\Android\Android Studio2\jbr\bin\msvcp140.dll
0x00007fff30210000 - 0x00007fff30ea6000 	C:\Program Files\Android\Android Studio2\jbr\bin\server\jvm.dll
0x00007fffd57f0000 - 0x00007fffd58ac000 	C:\WINDOWS\System32\ADVAPI32.dll
0x00007fffd65a0000 - 0x00007fffd664a000 	C:\WINDOWS\System32\sechost.dll
0x00007fffd5540000 - 0x00007fffd5658000 	C:\WINDOWS\System32\RPCRT4.dll
0x00007fffd54b0000 - 0x00007fffd5532000 	C:\WINDOWS\System32\WS2_32.dll
0x00007fffd2150000 - 0x00007fffd215b000 	C:\WINDOWS\SYSTEM32\VERSION.dll
0x00007fffd40a0000 - 0x00007fffd40fe000 	C:\WINDOWS\SYSTEM32\POWRPROF.dll
0x00007fffc1990000 - 0x00007fffc19c6000 	C:\WINDOWS\SYSTEM32\WINMM.dll
0x00007fffd4080000 - 0x00007fffd4095000 	C:\WINDOWS\SYSTEM32\UMPDC.dll
0x00007fffd35e0000 - 0x00007fffd35fb000 	C:\WINDOWS\SYSTEM32\kernel.appcore.dll
0x00007fffa02b0000 - 0x00007fffa02ba000 	C:\Program Files\Android\Android Studio2\jbr\bin\jimage.dll
0x00007fffd0f30000 - 0x00007fffd1172000 	C:\WINDOWS\SYSTEM32\DBGHELP.DLL
0x00007fffd61d0000 - 0x00007fffd6555000 	C:\WINDOWS\System32\combase.dll
0x00007fffd5eb0000 - 0x00007fffd5f89000 	C:\WINDOWS\System32\OLEAUT32.dll
0x00007fffa5ac0000 - 0x00007fffa5afb000 	C:\WINDOWS\SYSTEM32\dbgcore.DLL
0x00007fffd4c70000 - 0x00007fffd4d1c000 	C:\WINDOWS\System32\bcryptPrimitives.dll
0x00007fffa0290000 - 0x00007fffa02b0000 	C:\Program Files\Android\Android Studio2\jbr\bin\java.dll
0x00007fffa0270000 - 0x00007fffa0288000 	C:\Program Files\Android\Android Studio2\jbr\bin\zip.dll
0x00007fffd6650000 - 0x00007fffd6dd8000 	C:\WINDOWS\System32\SHELL32.dll
0x00007fffd23e0000 - 0x00007fffd2c7b000 	C:\WINDOWS\SYSTEM32\windows.storage.dll
0x00007fffd6e70000 - 0x00007fffd6f69000 	C:\WINDOWS\System32\SHCORE.dll
0x00007fffd5e40000 - 0x00007fffd5ea6000 	C:\WINDOWS\System32\shlwapi.dll
0x00007fffd4810000 - 0x00007fffd4839000 	C:\WINDOWS\SYSTEM32\profapi.dll
0x00007fff979f0000 - 0x00007fff97a00000 	C:\Program Files\Android\Android Studio2\jbr\bin\net.dll
0x00007fffcb580000 - 0x00007fffcb6a8000 	C:\WINDOWS\SYSTEM32\WINHTTP.dll
0x00007fffd3c00000 - 0x00007fffd3c6c000 	C:\WINDOWS\system32\mswsock.dll
0x00007fff979d0000 - 0x00007fff979e6000 	C:\Program Files\Android\Android Studio2\jbr\bin\nio.dll
0x00007fff974c0000 - 0x00007fff974d0000 	C:\Program Files\Android\Android Studio2\jbr\bin\verify.dll

JVMTI agents: none

dbghelp: loaded successfully - version: 4.0.5 - missing functions: none
symbol engine: initialized successfully - sym options: 0x614 - pdb path: .;C:\Program Files\Android\Android Studio2\jbr\bin;C:\WINDOWS\SYSTEM32;C:\WINDOWS\WinSxS\amd64_microsoft.windows.common-controls_6595b64144ccf1df_6.0.26100.8972_none_3e0da176e32f9d4b;C:\Program Files\Android\Android Studio2\jbr\bin\server

VM Arguments:
java_command: org.jetbrains.kotlin.cli.jvm.K2JVMCompiler @C:\Users\EL-Mostwred\StudioProjects\rasikh\build\shared_preferences_android\20260825_2287812314300154656.compiler.options
java_class_path (initial): C:\Users\EL-Mostwred\.gradle\caches\modules-2\files-2.1\org.jetbrains.kotlin\kotlin-compiler-embeddable\2.1.0\988bf980588bbbcfa1ba19c1ffd7aa869b335a31\kotlin-compiler-embeddable-2.1.0.jar;C:\Users\EL-Mostwred\.gradle\caches\modules-2\files-2.1\org.jetbrains.kotlin\kotlin-stdlib\2.1.0\85f8b81009cda5890e54ba67d64b5e599c645020\kotlin-stdlib-2.1.0.jar;C:\Users\EL-Mostwred\.gradle\caches\modules-2\files-2.1\org.jetbrains.kotlin\kotlin-script-runtime\2.1.0\5909da8c57b75a117714ab0e348c86101b7a3284\kotlin-script-runtime-2.1.0.jar;C:\Users\EL-Mostwred\.gradle\caches\modules-2\files-2.1\org.jetbrains.kotlin\kotlin-reflect\1.6.10\1cbe9c92c12a94eea200d23c2bbaedaf3daf5132\kotlin-reflect-1.6.10.jar;C:\Users\EL-Mostwred\.gradle\caches\modules-2\files-2.1\org.jetbrains.kotlin\kotlin-daemon-embeddable\2.1.0\420bae1908e4a353f5b56c3c850d24d86367b25d\kotlin-daemon-embeddable-2.1.0.jar;C:\Users\EL-Mostwred\.gradle\caches\modules-2\files-2.1\org.jetbrains.intellij.deps\trove4j\1.0.20200330\3afb14d5f9ceb459d724e907a21145e8ff394f02\trove4j-1.0.20200330.jar;C:\Users\EL-Mostwred\.gradle\caches\modules-2\files-2.1\org.jetbrains.kotlinx\kotlinx-coroutines-core-jvm\1.6.4\2c997cd1c0ef33f3e751d3831929aeff1390cb30\kotlinx-coroutines-core-jvm-1.6.4.jar;C:\Users\EL-Mostwred\.gradle\caches\modules-2\files-2.1\org.jetbrains\annotations\13.0\919f0dfe192fb4e063e7dacadee7f8bb9a2672a9\annotations-13.0.jar
Launcher Type: SUN_STANDARD

[Global flags]
     intx CICompilerCount                          = 4                                         {product} {ergonomic}
     uint ConcGCThreads                            = 3                                         {product} {ergonomic}
     uint G1ConcRefinementThreads                  = 10                                        {product} {ergonomic}
   size_t G1HeapRegionSize                         = 4194304                                   {product} {ergonomic}
    uintx GCDrainStackTargetSize                   = 64                                        {product} {ergonomic}
   size_t InitialHeapSize                          = 536870912                                 {product} {ergonomic}
   size_t MarkStackSize                            = 4194304                                   {product} {ergonomic}
   size_t MaxHeapSize                              = 8539602944                                {product} {ergonomic}
   size_t MaxNewSize                               = 5121245184                                {product} {ergonomic}
   size_t MinHeapDeltaBytes                        = 4194304                                   {product} {ergonomic}
   size_t MinHeapSize                              = 8388608                                   {product} {ergonomic}
    uintx NonNMethodCodeHeapSize                   = 5839372                                {pd product} {ergonomic}
    uintx NonProfiledCodeHeapSize                  = 122909434                              {pd product} {ergonomic}
    uintx ProfiledCodeHeapSize                     = 122909434                              {pd product} {ergonomic}
    uintx ReservedCodeCacheSize                    = 251658240                              {pd product} {ergonomic}
     bool SegmentedCodeCache                       = true                                      {product} {ergonomic}
   size_t SoftMaxHeapSize                          = 8539602944                             {manageable} {ergonomic}
     bool UseCompressedOops                        = true                           {product lp64_product} {ergonomic}
     bool UseG1GC                                  = true                                      {product} {ergonomic}
     bool UseLargePagesIndividualAllocation        = false                                  {pd product} {ergonomic}

Logging:
Log output configuration:
 #0: stdout all=warning uptime,level,tags foldmultilines=false
 #1: stderr all=off uptime,level,tags foldmultilines=false

Environment Variables:
JAVA_HOME=C:\Program Files\Android\Android Studio2\jbr
CLASSPATH=C:\Users\EL-Mostwred\StudioProjects\rasikh\android\\gradle\wrapper\gradle-wrapper.jar
PATH=C:\Program Files\Android\Android Studio2\jbr\bin;C:\Users\EL-Mostwred\AppData\Local\Programs\Python\Python313\Scripts\;C:\Users\EL-Mostwred\AppData\Local\Programs\Python\Python313\;C:\WINDOWS\system32;C:\WINDOWS;C:\WINDOWS\System32\Wbem;C:\WINDOWS\System32\WindowsPowerShell\v1.0\;C:\WINDOWS\System32\OpenSSH\;C:\Program Files\Git\cmd;C:\src\flutter\bin;C:\Users\EL-Mostwred\AppData\Local\Pub\Cache\bin;C:\Users\EL-Mostwred\AppData\Roaming\npm;C:\ProgramData\chocolatey\bin;C:\Program Files\nodejs\;C:\Program Files\Java\jdk-21\bin;C:\Users\EL-Mostwred\.local\bin;C:\Program Files\dotnet\;C:\Users\EL-Mostwred\AppData\Local\Microsoft\WindowsApps;C:\src\flutter\bin;C:\Program Files\Graphviz\bin;C:\Users\EL-Mostwred\AppData\Local\Programs\cursor\resources\app\bin;C:\Users\EL-Mostwred\AppData\Local\Pub\Cache\bin;C:\Users\EL-Mostwred\AppData\Local\Pub\Cache\bin;C:\Users\EL-Mostwred\AppData\Roaming\npm;C:\Users\EL-Mostwred\.local\bin;C:\Users\EL-Mostwred\AppData\Local\Programs\Microsoft VS Code\bin;C:\Users\EL-Mostwred\AppData\Local\GitHubDesktop\bin;C:\Users\EL-Mostwred\AppData\Local\Kingsoft\WPS Office\12.1.0.27458\clitool;C:\src\flutter\bin\mingit\cmd
USERNAME=EL-Mostwred
OS=Windows_NT
PROCESSOR_IDENTIFIER=Intel64 Family 6 Model 158 Stepping 10, GenuineIntel
TMP=C:\Users\EL-MOS~1\AppData\Local\Temp
TEMP=C:\Users\EL-MOS~1\AppData\Local\Temp




Periodic native trim disabled

JNI global refs:
JNI global refs: 13, weak refs: 0

JNI global refs memory usage: 835, weak refs: 833

Process memory usage:
Resident Set Size: 453428K (1% of 33355492K total physical memory with 7702436K free physical memory)

OOME stack traces (most recent first):
Classloader memory used:
Loader jdk.internal.loader.ClassLoaders$AppClassLoader                                 : 82709K
Loader bootstrap                                                                       : 11401K

---------------  S Y S T E M  ---------------

OS:
 Windows 11 , 64 bit Build 26100 (10.0.26100.9168)
OS uptime: 0 days 5:45 hours

CPU: total 12 (initial active 12) (6 cores per cpu, 2 threads per core) family 6 model 158 stepping 10 microcode 0xf8, cx8, cmov, fxsr, ht, mmx, 3dnowpref, sse, sse2, sse3, ssse3, sse4.1, sse4.2, popcnt, lzcnt, tsc, tscinvbit, avx, avx2, aes, erms, clmul, bmi1, bmi2, adx, fma, vzeroupper, clflush, clflushopt, rdtscp, f16c
Processor Information for the first 12 processors :
  Max Mhz: 2592, Current Mhz: 2592, Mhz Limit: 2592

Memory: 4k page, system-wide physical 32573M (7516M free)
TotalPageFile size 47794M (AvailPageFile size 4M)
current process WorkingSet (physical memory assigned to process): 443M, peak: 443M
current process commit charge ("private bytes"): 596M, peak: 629M

vm_info: OpenJDK 64-Bit Server VM (21.0.8+-14196175-b1038.72) for windows-amd64 JRE (21.0.8+-14196175-b1038.72), built on 2025-10-01T10:24:33Z by "builder" with MS VC++ 16.10 / 16.11 (VS2019)

END.
