#
# There is insufficient memory for the Java Runtime Environment to continue.
# Native memory allocation (malloc) failed to allocate 347536 bytes. Error detail: Chunk::new
# Possible reasons:
#   The system is out of physical RAM or swap space
#   This process is running with CompressedOops enabled, and the Java Heap may be blocking the growth of the native heap
# Possible solutions:
#   Reduce memory load on the system
#   Increase physical memory or swap space
#   Check if swap backing store is full
#   Decrease Java heap size (-Xmx/-Xms)
#   Decrease number of Java threads
#   Decrease Java thread stack sizes (-Xss)
#   Set larger code cache with -XX:ReservedCodeCacheSize=
#   JVM is running with Zero Based Compressed Oops mode in which the Java heap is
#     placed in the first 32GB address space. The Java Heap base address is the
#     maximum limit for the native heap growth. Please use -XX:HeapBaseMinAddress
#     to set the Java Heap base and to place the Java Heap above 32GB virtual address.
# This output file may be truncated or incomplete.
#
#  Out of Memory Error (arena.cpp:168), pid=11760, tid=15492
#
# JRE version: OpenJDK Runtime Environment (21.0.8) (build 21.0.8+-14196175-b1038.72)
# Java VM: OpenJDK 64-Bit Server VM (21.0.8+-14196175-b1038.72, mixed mode, tiered, compressed oops, compressed class ptrs, g1 gc, windows-amd64)
# No core dump will be written. Minidumps are not enabled by default on client versions of Windows
#

---------------  S U M M A R Y ------------

Command Line: org.jetbrains.kotlin.cli.jvm.K2JVMCompiler @C:\Users\EL-Mostwred\StudioProjects\rasikh\build\webview_flutter_android\20260825_7758988747179529825.compiler.options

Host: Intel(R) Core(TM) i7-9750H CPU @ 2.60GHz, 12 cores, 31G,  Windows 11 , 64 bit Build 26100 (10.0.26100.9168)
Time: Tue Aug 25 20:03:29 2026 Egypt Daylight Time elapsed time: 18.595376 seconds (0d 0h 0m 18s)

---------------  T H R E A D  ---------------

Current thread (0x00000271f211f980):  JavaThread "C2 CompilerThread0" daemon [_thread_in_native, id=15492, stack(0x000000d0c2f00000,0x000000d0c3000000) (1024K)]


Current CompileTask:
C2:18595 10068       4       org.jetbrains.kotlin.fir.declarations.FirAnnotationUtilsKt::getAnnotationByClassId (32 bytes)

Stack: [0x000000d0c2f00000,0x000000d0c3000000]
Native frames: (J=compiled Java code, j=interpreted, Vv=VM code, C=native code)
V  [jvm.dll+0x6d68d9]
V  [jvm.dll+0x866693]
V  [jvm.dll+0x868c4e]
V  [jvm.dll+0x869333]
V  [jvm.dll+0x280566]
V  [jvm.dll+0xc07cd]
V  [jvm.dll+0xc0d03]
V  [jvm.dll+0x3b95e1]
V  [jvm.dll+0x1dfb24]
V  [jvm.dll+0x2493a4]
V  [jvm.dll+0x248821]
V  [jvm.dll+0x1c73a4]
V  [jvm.dll+0x257f9e]
V  [jvm.dll+0x2564e6]
V  [jvm.dll+0x3f4696]
V  [jvm.dll+0x80eac8]
V  [jvm.dll+0x6d512d]
C  [ucrtbase.dll+0x2cd30]
C  [KERNEL32.DLL+0x2ccb7]
C  [ntdll.dll+0xaad6c]


---------------  P R O C E S S  ---------------

Threads class SMR info:
_java_thread_list=0x00000271f9b1bc10, length=12, elements={
0x00000271d2caf530, 0x00000271f2103250, 0x00000271f213d070, 0x00000271f213d6e0,
0x00000271f211acc0, 0x00000271f211b720, 0x00000271f211c180, 0x00000271f211cbe0,
0x00000271f211f980, 0x00000271f2126280, 0x00000271f22dea80, 0x00000271f2339b50
}

Java Threads: ( => current thread )
  0x00000271d2caf530 JavaThread "main"                              [_thread_in_Java, id=7176, stack(0x000000d0c2000000,0x000000d0c2100000) (1024K)]
  0x00000271f2103250 JavaThread "Common-Cleaner"             daemon [_thread_blocked, id=8276, stack(0x000000d0c2800000,0x000000d0c2900000) (1024K)]
  0x00000271f213d070 JavaThread "Reference Handler"          daemon [_thread_blocked, id=17492, stack(0x000000d0c2900000,0x000000d0c2a00000) (1024K)]
  0x00000271f213d6e0 JavaThread "Finalizer"                  daemon [_thread_blocked, id=9940, stack(0x000000d0c2a00000,0x000000d0c2b00000) (1024K)]
  0x00000271f211acc0 JavaThread "Signal Dispatcher"          daemon [_thread_blocked, id=15156, stack(0x000000d0c2b00000,0x000000d0c2c00000) (1024K)]
  0x00000271f211b720 JavaThread "Attach Listener"            daemon [_thread_blocked, id=24848, stack(0x000000d0c2c00000,0x000000d0c2d00000) (1024K)]
  0x00000271f211c180 JavaThread "Service Thread"             daemon [_thread_blocked, id=26028, stack(0x000000d0c2d00000,0x000000d0c2e00000) (1024K)]
  0x00000271f211cbe0 JavaThread "Monitor Deflation Thread"   daemon [_thread_blocked, id=25984, stack(0x000000d0c2e00000,0x000000d0c2f00000) (1024K)]
=>0x00000271f211f980 JavaThread "C2 CompilerThread0"         daemon [_thread_in_native, id=15492, stack(0x000000d0c2f00000,0x000000d0c3000000) (1024K)]
  0x00000271f2126280 JavaThread "C1 CompilerThread0"         daemon [_thread_in_vm, id=1924, stack(0x000000d0c3000000,0x000000d0c3100000) (1024K)]
  0x00000271f22dea80 JavaThread "Notification Thread"        daemon [_thread_blocked, id=16276, stack(0x000000d0c3100000,0x000000d0c3200000) (1024K)]
  0x00000271f2339b50 JavaThread "C2 CompilerThread1"         daemon [_thread_in_native, id=17908, stack(0x000000d0c3d00000,0x000000d0c3e00000) (1024K)]
Total: 12

Other Threads:
  0x00000271f20cb360 VMThread "VM Thread"                           [id=26208, stack(0x000000d0c2700000,0x000000d0c2800000) (1024K)]
  0x00000271f1668900 WatcherThread "VM Periodic Task Thread"        [id=7288, stack(0x000000d0c2600000,0x000000d0c2700000) (1024K)]
  0x00000271d2d52980 WorkerThread "GC Thread#0"                     [id=21880, stack(0x000000d0c2100000,0x000000d0c2200000) (1024K)]
  0x00000271f2a8ce40 WorkerThread "GC Thread#1"                     [id=17812, stack(0x000000d0c3200000,0x000000d0c3300000) (1024K)]
  0x00000271f2a5a7d0 WorkerThread "GC Thread#2"                     [id=28552, stack(0x000000d0c3300000,0x000000d0c3400000) (1024K)]
  0x00000271f2a5ab70 WorkerThread "GC Thread#3"                     [id=12464, stack(0x000000d0c3400000,0x000000d0c3500000) (1024K)]
  0x00000271f2a5b720 WorkerThread "GC Thread#4"                     [id=16840, stack(0x000000d0c3500000,0x000000d0c3600000) (1024K)]
  0x00000271f2ab3560 WorkerThread "GC Thread#5"                     [id=11708, stack(0x000000d0c3600000,0x000000d0c3700000) (1024K)]
  0x00000271f2ab3900 WorkerThread "GC Thread#6"                     [id=9884, stack(0x000000d0c3700000,0x000000d0c3800000) (1024K)]
  0x00000271f2aa8db0 WorkerThread "GC Thread#7"                     [id=14940, stack(0x000000d0c3800000,0x000000d0c3900000) (1024K)]
  0x00000271f2aa94f0 WorkerThread "GC Thread#8"                     [id=5488, stack(0x000000d0c3900000,0x000000d0c3a00000) (1024K)]
  0x00000271f2aa9150 WorkerThread "GC Thread#9"                     [id=19704, stack(0x000000d0c3a00000,0x000000d0c3b00000) (1024K)]
  0x00000271d2d63ff0 ConcurrentGCThread "G1 Main Marker"            [id=20144, stack(0x000000d0c2200000,0x000000d0c2300000) (1024K)]
  0x00000271d2d65930 WorkerThread "G1 Conc#0"                       [id=220, stack(0x000000d0c2300000,0x000000d0c2400000) (1024K)]
  0x00000271f2aaa370 WorkerThread "G1 Conc#1"                       [id=1108, stack(0x000000d0c3b00000,0x000000d0c3c00000) (1024K)]
  0x00000271f2aaa710 WorkerThread "G1 Conc#2"                       [id=17796, stack(0x000000d0c3c00000,0x000000d0c3d00000) (1024K)]
  0x00000271f1528b00 ConcurrentGCThread "G1 Refine#0"               [id=17884, stack(0x000000d0c2400000,0x000000d0c2500000) (1024K)]
  0x00000271f1529670 ConcurrentGCThread "G1 Service"                [id=16700, stack(0x000000d0c2500000,0x000000d0c2600000) (1024K)]
Total: 18

Threads with active compile tasks:
C2 CompilerThread0  18666 10068       4       org.jetbrains.kotlin.fir.declarations.FirAnnotationUtilsKt::getAnnotationByClassId (32 bytes)
C1 CompilerThread0  18667 10146       3       org.jetbrains.kotlin.fir.analysis.checkers.FirUpperBoundViolatedHelpersKt::checkUpperBoundViolated (506 bytes)
C2 CompilerThread1  18667 10086       4       org.jetbrains.kotlin.fir.declarations.DeprecationUtilsKt::getDeprecationForCallSite (451 bytes)
Total: 3

VM state: not at safepoint (normal execution)

VM Mutex/Monitor currently owned by a thread: None

Heap address: 0x0000000603000000, size: 8144 MB, Compressed Oops mode: Zero based, Oop shift amount: 3

CDS archive(s) not mapped
Compressed class space mapped at: 0x0000000800000000-0x0000000840000000, reserved size: 1073741824
Narrow klass base: 0x0000000800000000, Narrow klass shift: 0, Narrow klass range: 0x40000000

GC Precious Log:
 CardTable entry size: 512
 Card Set container configuration: InlinePtr #cards 4 size 8 Array Of Cards #cards 32 size 80 Howl #buckets 8 coarsen threshold 7372 Howl Bitmap #cards 1024 size 144 coarsen threshold 921 Card regions per heap region 1 cards per card region 8192
 CPUs: 12 total, 12 available
 Memory: 32573M
 Large Page Support: Disabled
 NUMA Support: Disabled
 Compressed Oops: Enabled (Zero based)
 Heap Region Size: 4M
 Heap Min Capacity: 8M
 Heap Initial Capacity: 512M
 Heap Max Capacity: 8144M
 Pre-touch: Disabled
 Parallel Workers: 10
 Concurrent Workers: 3
 Concurrent Refinement Workers: 10
 Periodic GC: Disabled

Heap:
 garbage-first heap   total 196608K, used 79091K [0x0000000603000000, 0x0000000800000000)
  region size 4096K, 7 young (28672K), 2 survivors (8192K)
 Metaspace       used 69716K, committed 70016K, reserved 1114112K
  class space    used 7932K, committed 8064K, reserved 1048576K

Heap Regions: E=young(eden), S=young(survivor), O=old, HS=humongous(starts), HC=humongous(continues), CS=collection set, F=free, TAMS=top-at-mark-start, PB=parsable bottom
|   0|0x0000000603000000, 0x0000000603400000, 0x0000000603400000|100%|HS|  |TAMS 0x0000000603000000| PB 0x0000000603000000| Complete 
|   1|0x0000000603400000, 0x0000000603800000, 0x0000000603800000|100%| O|  |TAMS 0x0000000603400000| PB 0x0000000603400000| Untracked 
|   2|0x0000000603800000, 0x0000000603c00000, 0x0000000603c00000|100%| O|  |TAMS 0x0000000603800000| PB 0x0000000603800000| Untracked 
|   3|0x0000000603c00000, 0x0000000604000000, 0x0000000604000000|100%| O|  |TAMS 0x0000000603c00000| PB 0x0000000603c00000| Untracked 
|   4|0x0000000604000000, 0x0000000604400000, 0x0000000604400000|100%| O|  |TAMS 0x0000000604000000| PB 0x0000000604000000| Untracked 
|   5|0x0000000604400000, 0x0000000604400000, 0x0000000604800000|  0%| F|  |TAMS 0x0000000604400000| PB 0x0000000604400000| Untracked 
|   6|0x0000000604800000, 0x0000000604c00000, 0x0000000604c00000|100%| O|  |TAMS 0x0000000604800000| PB 0x0000000604800000| Untracked 
|   7|0x0000000604c00000, 0x0000000605000000, 0x0000000605000000|100%| O|  |TAMS 0x0000000604c00000| PB 0x0000000604c00000| Untracked 
|   8|0x0000000605000000, 0x0000000605400000, 0x0000000605400000|100%| O|  |TAMS 0x0000000605000000| PB 0x0000000605000000| Untracked 
|   9|0x0000000605400000, 0x0000000605800000, 0x0000000605800000|100%| O|  |TAMS 0x0000000605400000| PB 0x0000000605400000| Untracked 
|  10|0x0000000605800000, 0x0000000605c00000, 0x0000000605c00000|100%| O|  |TAMS 0x0000000605800000| PB 0x0000000605800000| Untracked 
|  11|0x0000000605c00000, 0x0000000606000000, 0x0000000606000000|100%| O|  |TAMS 0x0000000605c00000| PB 0x0000000605c00000| Untracked 
|  12|0x0000000606000000, 0x0000000606400000, 0x0000000606400000|100%| O|  |TAMS 0x0000000606000000| PB 0x0000000606000000| Untracked 
|  13|0x0000000606400000, 0x0000000606400000, 0x0000000606800000|  0%| F|  |TAMS 0x0000000606400000| PB 0x0000000606400000| Untracked 
|  14|0x0000000606800000, 0x0000000606800000, 0x0000000606c00000|  0%| F|  |TAMS 0x0000000606800000| PB 0x0000000606800000| Untracked 
|  15|0x0000000606c00000, 0x0000000606c00000, 0x0000000607000000|  0%| F|  |TAMS 0x0000000606c00000| PB 0x0000000606c00000| Untracked 
|  16|0x0000000607000000, 0x0000000607400000, 0x0000000607400000|100%| O|  |TAMS 0x0000000607000000| PB 0x0000000607000000| Untracked 
|  17|0x0000000607400000, 0x000000060760f2a0, 0x0000000607800000| 51%| O|  |TAMS 0x0000000607400000| PB 0x0000000607400000| Untracked 
|  18|0x0000000607800000, 0x0000000607800000, 0x0000000607c00000|  0%| F|  |TAMS 0x0000000607800000| PB 0x0000000607800000| Untracked 
|  19|0x0000000607c00000, 0x0000000607c00000, 0x0000000608000000|  0%| F|  |TAMS 0x0000000607c00000| PB 0x0000000607c00000| Untracked 
|  20|0x0000000608000000, 0x0000000608000000, 0x0000000608400000|  0%| F|  |TAMS 0x0000000608000000| PB 0x0000000608000000| Untracked 
|  21|0x0000000608400000, 0x000000060872da38, 0x0000000608800000| 79%| S|CS|TAMS 0x0000000608400000| PB 0x0000000608400000| Complete 
|  22|0x0000000608800000, 0x0000000608c00000, 0x0000000608c00000|100%| S|CS|TAMS 0x0000000608800000| PB 0x0000000608800000| Complete 
|  23|0x0000000608c00000, 0x0000000608c00000, 0x0000000609000000|  0%| F|  |TAMS 0x0000000608c00000| PB 0x0000000608c00000| Untracked 
|  24|0x0000000609000000, 0x0000000609000000, 0x0000000609400000|  0%| F|  |TAMS 0x0000000609000000| PB 0x0000000609000000| Untracked 
|  25|0x0000000609400000, 0x0000000609400000, 0x0000000609800000|  0%| F|  |TAMS 0x0000000609400000| PB 0x0000000609400000| Untracked 
|  26|0x0000000609800000, 0x0000000609800000, 0x0000000609c00000|  0%| F|  |TAMS 0x0000000609800000| PB 0x0000000609800000| Untracked 
|  27|0x0000000609c00000, 0x0000000609c00000, 0x000000060a000000|  0%| F|  |TAMS 0x0000000609c00000| PB 0x0000000609c00000| Untracked 
|  28|0x000000060a000000, 0x000000060a000000, 0x000000060a400000|  0%| F|  |TAMS 0x000000060a000000| PB 0x000000060a000000| Untracked 
|  29|0x000000060a400000, 0x000000060a400000, 0x000000060a800000|  0%| F|  |TAMS 0x000000060a400000| PB 0x000000060a400000| Untracked 
|  30|0x000000060a800000, 0x000000060a800000, 0x000000060ac00000|  0%| F|  |TAMS 0x000000060a800000| PB 0x000000060a800000| Untracked 
|  31|0x000000060ac00000, 0x000000060ac00000, 0x000000060b000000|  0%| F|  |TAMS 0x000000060ac00000| PB 0x000000060ac00000| Untracked 
|  32|0x000000060b000000, 0x000000060b000000, 0x000000060b400000|  0%| F|  |TAMS 0x000000060b000000| PB 0x000000060b000000| Untracked 
|  33|0x000000060b400000, 0x000000060b400000, 0x000000060b800000|  0%| F|  |TAMS 0x000000060b400000| PB 0x000000060b400000| Untracked 
|  34|0x000000060b800000, 0x000000060b800000, 0x000000060bc00000|  0%| F|  |TAMS 0x000000060b800000| PB 0x000000060b800000| Untracked 
|  35|0x000000060bc00000, 0x000000060bc00000, 0x000000060c000000|  0%| F|  |TAMS 0x000000060bc00000| PB 0x000000060bc00000| Untracked 
|  36|0x000000060c000000, 0x000000060c000000, 0x000000060c400000|  0%| F|  |TAMS 0x000000060c000000| PB 0x000000060c000000| Untracked 
|  37|0x000000060c400000, 0x000000060c400000, 0x000000060c800000|  0%| F|  |TAMS 0x000000060c400000| PB 0x000000060c400000| Untracked 
|  38|0x000000060c800000, 0x000000060c800000, 0x000000060cc00000|  0%| F|  |TAMS 0x000000060c800000| PB 0x000000060c800000| Untracked 
|  39|0x000000060cc00000, 0x000000060cc00000, 0x000000060d000000|  0%| F|  |TAMS 0x000000060cc00000| PB 0x000000060cc00000| Untracked 
|  40|0x000000060d000000, 0x000000060d000000, 0x000000060d400000|  0%| F|  |TAMS 0x000000060d000000| PB 0x000000060d000000| Untracked 
|  41|0x000000060d400000, 0x000000060d400000, 0x000000060d800000|  0%| F|  |TAMS 0x000000060d400000| PB 0x000000060d400000| Untracked 
|  42|0x000000060d800000, 0x000000060d800000, 0x000000060dc00000|  0%| F|  |TAMS 0x000000060d800000| PB 0x000000060d800000| Untracked 
|  43|0x000000060dc00000, 0x000000060de5d708, 0x000000060e000000| 59%| E|  |TAMS 0x000000060dc00000| PB 0x000000060dc00000| Complete 
|  44|0x000000060e000000, 0x000000060e400000, 0x000000060e400000|100%| E|CS|TAMS 0x000000060e000000| PB 0x000000060e000000| Complete 
|  45|0x000000060e400000, 0x000000060e800000, 0x000000060e800000|100%| E|CS|TAMS 0x000000060e400000| PB 0x000000060e400000| Complete 
|  46|0x000000060e800000, 0x000000060ec00000, 0x000000060ec00000|100%| E|CS|TAMS 0x000000060e800000| PB 0x000000060e800000| Complete 
| 127|0x0000000622c00000, 0x0000000623000000, 0x0000000623000000|100%| E|CS|TAMS 0x0000000622c00000| PB 0x0000000622c00000| Complete 

Card table byte_map: [0x00000271e6340000,0x00000271e7330000] _byte_map_base: 0x00000271e3328000

Marking Bits: (CMBitMap*) 0x00000271d2d53890
 Bits: [0x00000271e7330000, 0x00000271ef270000)

Polling page: 0x00000271d0a60000

Metaspace:

Usage:
  Non-class:     60.34 MB used.
      Class:      7.75 MB used.
       Both:     68.09 MB used.

Virtual space:
  Non-class space:       64.00 MB reserved,      60.50 MB ( 95%) committed,  1 nodes.
      Class space:        1.00 GB reserved,       7.88 MB ( <1%) committed,  1 nodes.
             Both:        1.06 GB reserved,      68.38 MB (  6%) committed. 

Chunk freelists:
   Non-Class:  3.50 MB
       Class:  8.14 MB
        Both:  11.64 MB

MaxMetaspaceSize: unlimited
CompressedClassSpaceSize: 1.00 GB
Initial GC threshold: 21.00 MB
Current GC threshold: 98.25 MB
CDS: off
 - commit_granule_bytes: 65536.
 - commit_granule_words: 8192.
 - virtual_space_node_default_size: 8388608.
 - enlarge_chunks_in_place: 1.
 - use_allocation_guard: 0.


Internal statistics:

num_allocs_failed_limit: 9.
num_arena_births: 300.
num_arena_deaths: 0.
num_vsnodes_births: 2.
num_vsnodes_deaths: 0.
num_space_committed: 1092.
num_space_uncommitted: 0.
num_chunks_returned_to_freelist: 9.
num_chunks_taken_from_freelist: 2395.
num_chunk_merges: 9.
num_chunk_splits: 2025.
num_chunks_enlarged: 1864.
num_inconsistent_stats: 0.

CodeHeap 'non-profiled nmethods': size=120000Kb used=6145Kb max_used=6145Kb free=113855Kb
 bounds [0x00000271dd8d0000, 0x00000271ddee0000, 0x00000271e4e00000]
CodeHeap 'profiled nmethods': size=120000Kb used=33932Kb max_used=33932Kb free=86067Kb
 bounds [0x00000271d5e00000, 0x00000271d7f30000, 0x00000271dd330000]
CodeHeap 'non-nmethods': size=5760Kb used=1657Kb max_used=1756Kb free=4102Kb
 bounds [0x00000271dd330000, 0x00000271dd5a0000, 0x00000271dd8d0000]
CodeCache: size=245760Kb, used=41734Kb, max_used=41833Kb, free=204024Kb
 total_blobs=10524, nmethods=9827, adapters=597, full_count=0
Compilation: enabled, stopped_count=0, restarted_count=0

Compilation events (20 events):
Event: 18.563 Thread 0x00000271f2126280 nmethod 10083 0x00000271d7eb0790 code [0x00000271d7eb18e0, 0x00000271d7ebcec8]
Event: 18.563 Thread 0x00000271f2126280 10088       3       org.jetbrains.kotlin.fir.expressions.impl.FirFunctionCallImpl::acceptChildren (306 bytes)
Event: 18.566 Thread 0x00000271f2126280 nmethod 10088 0x00000271d7ec1d10 code [0x00000271d7ec2200, 0x00000271d7ec4bf0]
Event: 18.566 Thread 0x00000271f2126280 10084       3       org.jetbrains.kotlin.fir.analysis.checkers.type.FirProjectionRelationChecker::extractImmediateTypeArgumentData (202 bytes)
Event: 18.573 Thread 0x00000271f2126280 nmethod 10084 0x00000271d7ec5790 code [0x00000271d7ec5f80, 0x00000271d7eca3a0]
Event: 18.573 Thread 0x00000271f2126280 10095       3       org.jetbrains.kotlin.fir.expressions.ReferenceUtilsKt::toReference (18 bytes)
Event: 18.574 Thread 0x00000271f2126280 nmethod 10095 0x00000271d7ecbb10 code [0x00000271d7ecbda0, 0x00000271d7ecc7c8]
Event: 18.574 Thread 0x00000271f2126280 10091       3       org.jetbrains.kotlin.fir.visitors.FirVisitor::visitWhenExpression (17 bytes)
Event: 18.574 Thread 0x00000271f2126280 nmethod 10091 0x00000271d7eccb90 code [0x00000271d7eccdc0, 0x00000271d7ecd468]
Event: 18.574 Thread 0x00000271f2126280 10092       3       org.jetbrains.kotlin.fir.expressions.impl.FirSmartCastExpressionImpl::getSource (31 bytes)
Event: 18.575 Thread 0x00000271f2126280 nmethod 10092 0x00000271d7ecd710 code [0x00000271d7ecd8e0, 0x00000271d7ecdc08]
Event: 18.575 Thread 0x00000271f2126280 10085       3       org.jetbrains.kotlin.fir.visitors.FirVisitor::visitAnonymousFunction (17 bytes)
Event: 18.575 Thread 0x00000271f2126280 nmethod 10085 0x00000271d7ecdd10 code [0x00000271d7ecdf40, 0x00000271d7ece5e8]
Event: 18.575 Thread 0x00000271f2126280 10093       3       org.jetbrains.kotlin.fir.analysis.collectors.AbstractDiagnosticCollectorVisitor::visitAnnotationContainer (13 bytes)
Event: 18.576 Thread 0x00000271f2126280 nmethod 10093 0x00000271d7ece890 code [0x00000271d7ecea40, 0x00000271d7ececf8]
Event: 18.576 Thread 0x00000271f2126280 10094   !   3       org.jetbrains.kotlin.fir.analysis.collectors.AbstractDiagnosticCollectorVisitor::visitAnnotationContainer (255 bytes)
Event: 18.585 Thread 0x00000271f2126280 nmethod 10094 0x00000271d7ecee10 code [0x00000271d7ecf780, 0x00000271d7ed47a8]
Event: 18.585 Thread 0x00000271f2126280 10105       3       org.jetbrains.kotlin.fir.analysis.checkers.expression.FirUpperBoundViolatedExpressionChecker::check (420 bytes)
Event: 18.589 Thread 0x00000271f2126280 nmethod 10105 0x00000271d7ed7610 code [0x00000271d7ed7d60, 0x00000271d7edbdd0]
Event: 18.589 Thread 0x00000271f2126280 10099       3       org.jetbrains.kotlin.fir.analysis.checkers.expression.FirProjectionsOnNonClassTypeArgumentChecker::check (320 bytes)

GC Heap History (20 events):
Event: 2.515 GC heap before
{Heap before GC invocations=1 (full 0):
 garbage-first heap   total 524288K, used 27352K [0x0000000603000000, 0x0000000800000000)
  region size 4096K, 7 young (28672K), 1 survivors (4096K)
 Metaspace       used 21260K, committed 21504K, reserved 1114112K
  class space    used 2229K, committed 2368K, reserved 1048576K
}
Event: 2.519 GC heap after
{Heap after GC invocations=2 (full 0):
 garbage-first heap   total 524288K, used 8329K [0x0000000603000000, 0x0000000800000000)
  region size 4096K, 2 young (8192K), 2 survivors (8192K)
 Metaspace       used 21260K, committed 21504K, reserved 1114112K
  class space    used 2229K, committed 2368K, reserved 1048576K
}
Event: 3.549 GC heap before
{Heap before GC invocations=3 (full 0):
 garbage-first heap   total 40960K, used 37001K [0x0000000603000000, 0x0000000800000000)
  region size 4096K, 9 young (36864K), 2 survivors (8192K)
 Metaspace       used 27187K, committed 27392K, reserved 1114112K
  class space    used 2966K, committed 3072K, reserved 1048576K
}
Event: 3.560 GC heap after
{Heap after GC invocations=4 (full 0):
 garbage-first heap   total 53248K, used 14537K [0x0000000603000000, 0x0000000800000000)
  region size 4096K, 3 young (12288K), 3 survivors (12288K)
 Metaspace       used 27187K, committed 27392K, reserved 1114112K
  class space    used 2966K, committed 3072K, reserved 1048576K
}
Event: 4.222 GC heap before
{Heap before GC invocations=4 (full 0):
 garbage-first heap   total 53248K, used 30921K [0x0000000603000000, 0x0000000800000000)
  region size 4096K, 7 young (28672K), 3 survivors (12288K)
 Metaspace       used 32152K, committed 32384K, reserved 1114112K
  class space    used 4022K, committed 4160K, reserved 1048576K
}
Event: 4.235 GC heap after
{Heap after GC invocations=5 (full 0):
 garbage-first heap   total 53248K, used 16068K [0x0000000603000000, 0x0000000800000000)
  region size 4096K, 1 young (4096K), 1 survivors (4096K)
 Metaspace       used 32152K, committed 32384K, reserved 1114112K
  class space    used 4022K, committed 4160K, reserved 1048576K
}
Event: 4.766 GC heap before
{Heap before GC invocations=5 (full 0):
 garbage-first heap   total 53248K, used 32452K [0x0000000603000000, 0x0000000800000000)
  region size 4096K, 6 young (24576K), 1 survivors (4096K)
 Metaspace       used 35717K, committed 36032K, reserved 1114112K
  class space    used 4398K, committed 4544K, reserved 1048576K
}
Event: 4.773 GC heap after
{Heap after GC invocations=6 (full 0):
 garbage-first heap   total 53248K, used 17432K [0x0000000603000000, 0x0000000800000000)
  region size 4096K, 1 young (4096K), 1 survivors (4096K)
 Metaspace       used 35717K, committed 36032K, reserved 1114112K
  class space    used 4398K, committed 4544K, reserved 1048576K
}
Event: 6.081 GC heap before
{Heap before GC invocations=7 (full 0):
 garbage-first heap   total 53248K, used 33816K [0x0000000603000000, 0x0000000800000000)
  region size 4096K, 6 young (24576K), 1 survivors (4096K)
 Metaspace       used 38626K, committed 38848K, reserved 1114112K
  class space    used 4701K, committed 4800K, reserved 1048576K
}
Event: 6.101 GC heap after
{Heap after GC invocations=8 (full 0):
 garbage-first heap   total 53248K, used 20934K [0x0000000603000000, 0x0000000800000000)
  region size 4096K, 1 young (4096K), 1 survivors (4096K)
 Metaspace       used 38626K, committed 38848K, reserved 1114112K
  class space    used 4701K, committed 4800K, reserved 1048576K
}
Event: 6.836 GC heap before
{Heap before GC invocations=8 (full 0):
 garbage-first heap   total 53248K, used 37318K [0x0000000603000000, 0x0000000800000000)
  region size 4096K, 5 young (20480K), 1 survivors (4096K)
 Metaspace       used 42296K, committed 42496K, reserved 1114112K
  class space    used 5044K, committed 5120K, reserved 1048576K
}
Event: 6.862 GC heap after
{Heap after GC invocations=9 (full 0):
 garbage-first heap   total 290816K, used 23487K [0x0000000603000000, 0x0000000800000000)
  region size 4096K, 1 young (4096K), 1 survivors (4096K)
 Metaspace       used 42296K, committed 42496K, reserved 1114112K
  class space    used 5044K, committed 5120K, reserved 1048576K
}
Event: 10.756 GC heap before
{Heap before GC invocations=9 (full 0):
 garbage-first heap   total 290816K, used 134079K [0x0000000603000000, 0x0000000800000000)
  region size 4096K, 30 young (122880K), 1 survivors (4096K)
 Metaspace       used 60066K, committed 60288K, reserved 1114112K
  class space    used 7047K, committed 7168K, reserved 1048576K
}
Event: 10.782 GC heap after
{Heap after GC invocations=10 (full 0):
 garbage-first heap   total 290816K, used 44723K [0x0000000603000000, 0x0000000800000000)
  region size 4096K, 6 young (24576K), 6 survivors (24576K)
 Metaspace       used 60066K, committed 60288K, reserved 1114112K
  class space    used 7047K, committed 7168K, reserved 1048576K
}
Event: 14.468 GC heap before
{Heap before GC invocations=11 (full 0):
 garbage-first heap   total 163840K, used 118451K [0x0000000603000000, 0x0000000800000000)
  region size 4096K, 24 young (98304K), 6 survivors (24576K)
 Metaspace       used 65245K, committed 65600K, reserved 1114112K
  class space    used 7605K, committed 7744K, reserved 1048576K
}
Event: 14.518 GC heap after
{Heap after GC invocations=12 (full 0):
 garbage-first heap   total 163840K, used 54827K [0x0000000603000000, 0x0000000800000000)
  region size 4096K, 3 young (12288K), 3 survivors (12288K)
 Metaspace       used 65245K, committed 65600K, reserved 1114112K
  class space    used 7605K, committed 7744K, reserved 1048576K
}
Event: 16.240 GC heap before
{Heap before GC invocations=12 (full 0):
 garbage-first heap   total 163840K, used 116267K [0x0000000603000000, 0x0000000800000000)
  region size 4096K, 18 young (73728K), 3 survivors (12288K)
 Metaspace       used 65982K, committed 66304K, reserved 1114112K
  class space    used 7606K, committed 7744K, reserved 1048576K
}
Event: 16.266 GC heap after
{Heap after GC invocations=13 (full 0):
 garbage-first heap   total 163840K, used 59435K [0x0000000603000000, 0x0000000800000000)
  region size 4096K, 1 young (4096K), 1 survivors (4096K)
 Metaspace       used 65982K, committed 66304K, reserved 1114112K
  class space    used 7606K, committed 7744K, reserved 1048576K
}
Event: 17.698 GC heap before
{Heap before GC invocations=13 (full 0):
 garbage-first heap   total 163840K, used 124971K [0x0000000603000000, 0x0000000800000000)
  region size 4096K, 17 young (69632K), 1 survivors (4096K)
 Metaspace       used 66331K, committed 66624K, reserved 1114112K
  class space    used 7606K, committed 7744K, reserved 1048576K
}
Event: 17.718 GC heap after
{Heap after GC invocations=14 (full 0):
 garbage-first heap   total 196608K, used 62707K [0x0000000603000000, 0x0000000800000000)
  region size 4096K, 2 young (8192K), 2 survivors (8192K)
 Metaspace       used 66331K, committed 66624K, reserved 1114112K
  class space    used 7606K, committed 7744K, reserved 1048576K
}

Dll operation events (3 events):
Event: 0.035 Loaded shared library C:\Program Files\Android\Android Studio2\jbr\bin\java.dll
Event: 0.066 Loaded shared library C:\Program Files\Android\Android Studio2\jbr\bin\zip.dll
Event: 3.236 Loaded shared library C:\Program Files\Android\Android Studio2\jbr\bin\verify.dll

Deoptimization events (20 events):
Event: 18.358 Thread 0x00000271d2caf530 Uncommon trap: trap_request=0xffffffde fr.pc=0x00000271dddbf360 relative=0x0000000000000200
Event: 18.358 Thread 0x00000271d2caf530 Uncommon trap: reason=class_check action=maybe_recompile pc=0x00000271dddbf360 method=org.jetbrains.kotlin.fir.types.ConeBuiltinTypeUtilsKt.isBuiltinType(Lorg/jetbrains/kotlin/fir/types/ConeKotlinType;Lorg/jetbrains/kotlin/name/ClassId;Ljava/lang/Boolean;
Event: 18.358 Thread 0x00000271d2caf530 DEOPT PACKING pc=0x00000271dddbf360 sp=0x000000d0c20fb6e0
Event: 18.358 Thread 0x00000271d2caf530 DEOPT UNPACKING pc=0x00000271dd3846a2 sp=0x000000d0c20fb688 mode 2
Event: 18.580 Thread 0x00000271d2caf530 Uncommon trap: trap_request=0xffffffbe fr.pc=0x00000271ddec4370 relative=0x0000000000000d90
Event: 18.580 Thread 0x00000271d2caf530 Uncommon trap: reason=profile_predicate action=maybe_recompile pc=0x00000271ddec4370 method=org.jetbrains.kotlin.fir.types.ConeBuiltinTypeUtilsKt.isArrayType(Lorg/jetbrains/kotlin/fir/types/ConeKotlinType;Ljava/lang/Boolean;)Z @ 69 c2
Event: 18.580 Thread 0x00000271d2caf530 DEOPT PACKING pc=0x00000271ddec4370 sp=0x000000d0c20fa7c0
Event: 18.580 Thread 0x00000271d2caf530 DEOPT UNPACKING pc=0x00000271dd3846a2 sp=0x000000d0c20fa7a0 mode 2
Event: 18.580 Thread 0x00000271d2caf530 Uncommon trap: trap_request=0xffffffbe fr.pc=0x00000271ddec4370 relative=0x0000000000000d90
Event: 18.580 Thread 0x00000271d2caf530 Uncommon trap: reason=profile_predicate action=maybe_recompile pc=0x00000271ddec4370 method=org.jetbrains.kotlin.fir.types.ConeBuiltinTypeUtilsKt.isArrayType(Lorg/jetbrains/kotlin/fir/types/ConeKotlinType;Ljava/lang/Boolean;)Z @ 69 c2
Event: 18.580 Thread 0x00000271d2caf530 DEOPT PACKING pc=0x00000271ddec4370 sp=0x000000d0c20fa830
Event: 18.580 Thread 0x00000271d2caf530 DEOPT UNPACKING pc=0x00000271dd3846a2 sp=0x000000d0c20fa810 mode 2
Event: 18.590 Thread 0x00000271d2caf530 Uncommon trap: trap_request=0xffffffde fr.pc=0x00000271ddd793c4 relative=0x00000000000009c4
Event: 18.590 Thread 0x00000271d2caf530 Uncommon trap: reason=class_check action=maybe_recompile pc=0x00000271ddd793c4 method=org.jetbrains.kotlin.fir.types.FunctionalTypeUtilsKt.functionTypeKind(Lorg/jetbrains/kotlin/fir/types/ConeClassLikeLookupTag;Lorg/jetbrains/kotlin/fir/FirSession;)Lorg/j
Event: 18.590 Thread 0x00000271d2caf530 DEOPT PACKING pc=0x00000271ddd793c4 sp=0x000000d0c20fca90
Event: 18.590 Thread 0x00000271d2caf530 DEOPT UNPACKING pc=0x00000271dd3846a2 sp=0x000000d0c20fc9f0 mode 2
Event: 18.591 Thread 0x00000271d2caf530 Uncommon trap: trap_request=0xffffffde fr.pc=0x00000271ddd793c4 relative=0x00000000000009c4
Event: 18.591 Thread 0x00000271d2caf530 Uncommon trap: reason=class_check action=maybe_recompile pc=0x00000271ddd793c4 method=org.jetbrains.kotlin.fir.types.FunctionalTypeUtilsKt.functionTypeKind(Lorg/jetbrains/kotlin/fir/types/ConeClassLikeLookupTag;Lorg/jetbrains/kotlin/fir/FirSession;)Lorg/j
Event: 18.591 Thread 0x00000271d2caf530 DEOPT PACKING pc=0x00000271ddd793c4 sp=0x000000d0c20fca90
Event: 18.591 Thread 0x00000271d2caf530 DEOPT UNPACKING pc=0x00000271dd3846a2 sp=0x000000d0c20fc9f0 mode 2

Classes loaded (20 events):
Event: 17.895 Loading class sun/util/locale/BaseLocale$Cache
Event: 17.895 Loading class sun/util/locale/LocaleObjectCache
Event: 17.895 Loading class sun/util/locale/LocaleObjectCache done
Event: 17.895 Loading class sun/util/locale/BaseLocale$Cache done
Event: 17.895 Loading class sun/util/locale/LocaleObjectCache$CacheEntry
Event: 17.895 Loading class sun/util/locale/LocaleObjectCache$CacheEntry done
Event: 17.895 Loading class java/util/Locale$Cache
Event: 17.895 Loading class java/util/Locale$Cache done
Event: 17.969 Loading class java/text/ChoiceFormat
Event: 17.970 Loading class java/text/NumberFormat
Event: 17.970 Loading class java/text/NumberFormat done
Event: 17.970 Loading class java/text/ChoiceFormat done
Event: 18.071 Loading class java/util/EnumMap$EntrySet
Event: 18.071 Loading class java/util/EnumMap$EntrySet done
Event: 18.071 Loading class java/util/EnumMap$EntryIterator
Event: 18.071 Loading class java/util/EnumMap$EnumMapIterator
Event: 18.071 Loading class java/util/EnumMap$EnumMapIterator done
Event: 18.071 Loading class java/util/EnumMap$EntryIterator done
Event: 18.072 Loading class java/util/EnumMap$EntryIterator$Entry
Event: 18.072 Loading class java/util/EnumMap$EntryIterator$Entry done

Classes unloaded (0 events):
No events

Classes redefined (0 events):
No events

Internal exceptions (20 events):
Event: 10.485 Thread 0x00000271d2caf530 Exception <a 'java/lang/NoSuchMethodError'{0x000000060e3c0af8}: 'java.lang.Object java.lang.invoke.DirectMethodHandle$Holder.newInvokeSpecial(java.lang.Object, java.lang.Object, java.lang.Object, java.lang.Object, int)'> (0x000000060e3c0af8) 
thrown [s\src\hotspot\share\interpreter\linkResolver.cpp, line 784]
Event: 10.485 Thread 0x00000271d2caf530 Exception <a 'java/lang/NoSuchMethodError'{0x000000060e3c4f00}: 'java.lang.Object java.lang.invoke.DirectMethodHandle$Holder.invokeSpecial(java.lang.Object, java.lang.Object, java.lang.Object, java.lang.Object, java.lang.Object, int)'> (0x000000060e3c4f00) 
thrown [s\src\hotspot\share\interpreter\linkResolver.cpp, line 784]
Event: 10.486 Thread 0x00000271d2caf530 Exception <a 'java/lang/NoSuchMethodError'{0x000000060e3c8c30}: 'java.lang.Object java.lang.invoke.Invokers$Holder.linkToTargetMethod(java.lang.Object, java.lang.Object, java.lang.Object, int, java.lang.Object)'> (0x000000060e3c8c30) 
thrown [s\src\hotspot\share\interpreter\linkResolver.cpp, line 784]
Event: 10.663 Thread 0x00000271d2caf530 Exception <a 'java/lang/NoSuchMethodError'{0x000000060def4398}: 'java.lang.Object java.lang.invoke.DirectMethodHandle$Holder.newInvokeSpecial(java.lang.Object, int, java.lang.Object)'> (0x000000060def4398) 
thrown [s\src\hotspot\share\interpreter\linkResolver.cpp, line 784]
Event: 10.671 Thread 0x00000271d2caf530 Exception <a 'java/lang/NoSuchMethodError'{0x000000060df2a080}: 'java.lang.Object java.lang.invoke.DirectMethodHandle$Holder.invokeSpecial(java.lang.Object, java.lang.Object, int, java.lang.Object, java.lang.Object)'> (0x000000060df2a080) 
thrown [s\src\hotspot\share\interpreter\linkResolver.cpp, line 784]
Event: 11.018 Thread 0x00000271d2caf530 Exception <a 'java/lang/NoSuchMethodError'{0x0000000622de9250}: 'java.lang.Object java.lang.invoke.DirectMethodHandle$Holder.newInvokeSpecial(java.lang.Object, java.lang.Object, java.lang.Object, java.lang.Object, java.lang.Object, java.lang.Object, java.lang.Object, java.lang.Object, java.lang.Object)'> (0x0000000622de9250) 
thrown [s\src\hotspot\share\interpreter\linkResolver.cpp, line 784]
Event: 11.023 Thread 0x00000271d2caf530 Exception <a 'java/lang/NoSuchMethodError'{0x0000000622dfb3d8}: 'java.lang.Object java.lang.invoke.DirectMethodHandle$Holder.newInvokeSpecial(java.lang.Object, java.lang.Object, java.lang.Object, int)'> (0x0000000622dfb3d8) 
thrown [s\src\hotspot\share\interpreter\linkResolver.cpp, line 784]
Event: 11.023 Thread 0x00000271d2caf530 Exception <a 'java/lang/NoSuchMethodError'{0x0000000622dff1d8}: 'java.lang.Object java.lang.invoke.DirectMethodHandle$Holder.invokeSpecial(java.lang.Object, java.lang.Object, java.lang.Object, java.lang.Object, int)'> (0x0000000622dff1d8) 
thrown [s\src\hotspot\share\interpreter\linkResolver.cpp, line 784]
Event: 11.024 Thread 0x00000271d2caf530 Exception <a 'java/lang/NoSuchMethodError'{0x0000000622e3a738}: 'java.lang.Object java.lang.invoke.Invokers$Holder.linkToTargetMethod(java.lang.Object, java.lang.Object, int, java.lang.Object)'> (0x0000000622e3a738) 
thrown [s\src\hotspot\share\interpreter\linkResolver.cpp, line 784]
Event: 11.073 Thread 0x00000271d2caf530 Exception <a 'java/lang/NoSuchMethodError'{0x0000000622f14d20}: 'java.lang.Object java.lang.invoke.DirectMethodHandle$Holder.newInvokeSpecial(java.lang.Object, java.lang.Object, java.lang.Object, java.lang.Object, java.lang.Object, int)'> (0x0000000622f14d20) 
thrown [s\src\hotspot\share\interpreter\linkResolver.cpp, line 784]
Event: 11.074 Thread 0x00000271d2caf530 Exception <a 'java/lang/NoSuchMethodError'{0x0000000622f19498}: 'java.lang.Object java.lang.invoke.DirectMethodHandle$Holder.invokeSpecial(java.lang.Object, java.lang.Object, java.lang.Object, java.lang.Object, java.lang.Object, java.lang.Object, int)'> (0x0000000622f19498) 
thrown [s\src\hotspot\share\interpreter\linkResolver.cpp, line 784]
Event: 11.076 Thread 0x00000271d2caf530 Exception <a 'java/lang/NoSuchMethodError'{0x0000000622f1d580}: 'java.lang.Object java.lang.invoke.Invokers$Holder.linkToTargetMethod(java.lang.Object, java.lang.Object, java.lang.Object, java.lang.Object, int, java.lang.Object)'> (0x0000000622f1d580) 
thrown [s\src\hotspot\share\interpreter\linkResolver.cpp, line 784]
Event: 11.253 Thread 0x00000271d2caf530 Exception <a 'java/lang/NoSuchMethodError'{0x000000060b294dd0}: 'java.lang.Object java.lang.invoke.DirectMethodHandle$Holder.invokeStatic(java.lang.Object, int, java.lang.Object, java.lang.Object)'> (0x000000060b294dd0) 
thrown [s\src\hotspot\share\interpreter\linkResolver.cpp, line 784]
Event: 11.285 Thread 0x00000271d2caf530 Exception <a 'java/lang/NoSuchMethodError'{0x000000060b30c100}: 'java.lang.Object java.lang.invoke.DirectMethodHandle$Holder.invokeStatic(java.lang.Object, java.lang.Object, java.lang.Object, int, java.lang.Object, java.lang.Object)'> (0x000000060b30c100) 
thrown [s\src\hotspot\share\interpreter\linkResolver.cpp, line 784]
Event: 11.316 Thread 0x00000271d2caf530 Exception <a 'java/lang/IncompatibleClassChangeError'{0x000000060b3cc0b8}: Found class java.lang.Object, but interface was expected> (0x000000060b3cc0b8) 
thrown [s\src\hotspot\share\interpreter\linkResolver.cpp, line 851]
Event: 14.247 Thread 0x00000271d2caf530 Exception <a 'java/lang/NoSuchMethodError'{0x00000006077f4be8}: 'java.lang.Object java.lang.invoke.DirectMethodHandle$Holder.newInvokeSpecial(java.lang.Object, int, java.lang.Object, java.lang.Object, java.lang.Object)'> (0x00000006077f4be8) 
thrown [s\src\hotspot\share\interpreter\linkResolver.cpp, line 784]
Event: 14.248 Thread 0x00000271d2caf530 Exception <a 'java/lang/NoSuchMethodError'{0x00000006077fc4b8}: 'java.lang.Object java.lang.invoke.Invokers$Holder.linkToTargetMethod(int, java.lang.Object, java.lang.Object, java.lang.Object, java.lang.Object)'> (0x00000006077fc4b8) 
thrown [s\src\hotspot\share\interpreter\linkResolver.cpp, line 784]
Event: 18.030 Thread 0x00000271d2caf530 Implicit null exception at 0x00000271dd9ae0da to 0x00000271dd9ae1f8
Event: 18.069 Thread 0x00000271d2caf530 Implicit null exception at 0x00000271ddc5a5e9 to 0x00000271ddc5a78c
Event: 18.122 Thread 0x00000271d2caf530 Implicit null exception at 0x00000271ddce88a5 to 0x00000271ddce8c8c

ZGC Phase Switch (0 events):
No events

VM Operations (20 events):
Event: 15.547 Executing VM operation: ICBufferFull
Event: 15.547 Executing VM operation: ICBufferFull done
Event: 15.997 Executing VM operation: ICBufferFull
Event: 15.997 Executing VM operation: ICBufferFull done
Event: 16.240 Executing VM operation: G1CollectForAllocation (G1 Evacuation Pause)
Event: 16.266 Executing VM operation: G1CollectForAllocation (G1 Evacuation Pause) done
Event: 16.789 Executing VM operation: ICBufferFull
Event: 16.789 Executing VM operation: ICBufferFull done
Event: 17.698 Executing VM operation: G1CollectForAllocation (G1 Evacuation Pause)
Event: 17.718 Executing VM operation: G1CollectForAllocation (G1 Evacuation Pause) done
Event: 17.744 Executing VM operation: HandshakeAllThreads (Deoptimize)
Event: 17.744 Executing VM operation: HandshakeAllThreads (Deoptimize) done
Event: 18.093 Executing VM operation: HandshakeAllThreads (Deoptimize)
Event: 18.093 Executing VM operation: HandshakeAllThreads (Deoptimize) done
Event: 18.095 Executing VM operation: HandshakeAllThreads (Deoptimize)
Event: 18.096 Executing VM operation: HandshakeAllThreads (Deoptimize) done
Event: 18.131 Executing VM operation: ICBufferFull
Event: 18.131 Executing VM operation: ICBufferFull done
Event: 18.357 Executing VM operation: ICBufferFull
Event: 18.357 Executing VM operation: ICBufferFull done

Memory protections (0 events):
No events

Nmethod flushes (20 events):
Event: 10.833 Thread 0x00000271f20cb360 flushing  nmethod 0x00000271d5e48e10
Event: 10.833 Thread 0x00000271f20cb360 flushing  nmethod 0x00000271d5e64310
Event: 10.833 Thread 0x00000271f20cb360 flushing  nmethod 0x00000271d5e66910
Event: 10.833 Thread 0x00000271f20cb360 flushing  nmethod 0x00000271d5e66e90
Event: 10.833 Thread 0x00000271f20cb360 flushing  nmethod 0x00000271d5e69610
Event: 10.833 Thread 0x00000271f20cb360 flushing  nmethod 0x00000271d5e8dc10
Event: 10.833 Thread 0x00000271f20cb360 flushing  nmethod 0x00000271d5e8f010
Event: 10.833 Thread 0x00000271f20cb360 flushing  nmethod 0x00000271d5e91e10
Event: 10.833 Thread 0x00000271f20cb360 flushing  nmethod 0x00000271d5e92110
Event: 10.833 Thread 0x00000271f20cb360 flushing  nmethod 0x00000271d5ea6610
Event: 10.833 Thread 0x00000271f20cb360 flushing  nmethod 0x00000271d5eacf90
Event: 10.833 Thread 0x00000271f20cb360 flushing  nmethod 0x00000271d5ef8d90
Event: 10.833 Thread 0x00000271f20cb360 flushing  nmethod 0x00000271d5efd610
Event: 10.833 Thread 0x00000271f20cb360 flushing  nmethod 0x00000271d5f6aa10
Event: 10.833 Thread 0x00000271f20cb360 flushing  nmethod 0x00000271d6051490
Event: 10.833 Thread 0x00000271f20cb360 flushing  nmethod 0x00000271d60d5890
Event: 10.833 Thread 0x00000271f20cb360 flushing  nmethod 0x00000271d60d5d90
Event: 10.833 Thread 0x00000271f20cb360 flushing  nmethod 0x00000271d60d6090
Event: 10.833 Thread 0x00000271f20cb360 flushing  nmethod 0x00000271d6069110
Event: 10.833 Thread 0x00000271f20cb360 flushing  nmethod 0x00000271d6069410

Events (20 events):
Event: 3.733 Thread 0x00000271f74f2c40 Thread exited: 0x00000271f74f2c40
Event: 4.164 Thread 0x00000271f2126280 Thread added: 0x00000271f810d650
Event: 4.759 Thread 0x00000271f810d650 Thread exited: 0x00000271f810d650
Event: 5.072 Thread 0x00000271f211f980 Thread added: 0x00000271f9dd8180
Event: 5.281 Thread 0x00000271f2126280 Thread added: 0x00000271f7ff5c10
Event: 6.402 Thread 0x00000271f7ff5c10 Thread exited: 0x00000271f7ff5c10
Event: 7.878 Thread 0x00000271f9dd8180 Thread exited: 0x00000271f9dd8180
Event: 7.923 Thread 0x00000271f2126280 Thread added: 0x00000271f9dd8180
Event: 7.931 Thread 0x00000271f2126280 Thread added: 0x00000271f85ee530
Event: 8.040 Thread 0x00000271f85ee530 Thread exited: 0x00000271f85ee530
Event: 8.160 Thread 0x00000271f9dd8180 Thread exited: 0x00000271f9dd8180
Event: 8.276 Thread 0x00000271f2126280 Thread added: 0x00000271fa3c00b0
Event: 8.287 Thread 0x00000271f2126280 Thread added: 0x00000271fa28c120
Event: 10.187 Thread 0x00000271fa28c120 Thread exited: 0x00000271fa28c120
Event: 11.972 Thread 0x00000271fa3c00b0 Thread exited: 0x00000271fa3c00b0
Event: 12.186 Thread 0x00000271f2126280 Thread added: 0x00000271fa788a70
Event: 14.625 Thread 0x00000271f2126280 Thread added: 0x00000271fa37eef0
Event: 17.905 Thread 0x00000271fa37eef0 Thread exited: 0x00000271fa37eef0
Event: 18.003 Thread 0x00000271fa788a70 Thread exited: 0x00000271fa788a70
Event: 18.118 Thread 0x00000271f2126280 Thread added: 0x00000271f2339b50


Dynamic libraries:
0x00007ff78f4a0000 - 0x00007ff78f4aa000 	C:\Program Files\Android\Android Studio2\jbr\bin\java.exe
0x00007fffd76e0000 - 0x00007fffd7946000 	C:\WINDOWS\SYSTEM32\ntdll.dll
0x00007fffd58c0000 - 0x00007fffd5989000 	C:\WINDOWS\System32\KERNEL32.DLL
0x00007fffd4df0000 - 0x00007fffd51ef000 	C:\WINDOWS\System32\KERNELBASE.dll
0x00007fffd5200000 - 0x00007fffd534c000 	C:\WINDOWS\System32\ucrtbase.dll
0x00007fffbd090000 - 0x00007fffbd0a8000 	C:\Program Files\Android\Android Studio2\jbr\bin\jli.dll
0x00007fffd6f70000 - 0x00007fffd7136000 	C:\WINDOWS\System32\USER32.dll
0x00007fffd4ab0000 - 0x00007fffd4ad7000 	C:\WINDOWS\System32\win32u.dll
0x00007fffd5c30000 - 0x00007fffd5c5b000 	C:\WINDOWS\System32\GDI32.dll
0x00007fffd4980000 - 0x00007fffd4aa9000 	C:\WINDOWS\System32\gdi32full.dll
0x00007fffd5360000 - 0x00007fffd5403000 	C:\WINDOWS\System32\msvcp_win.dll
0x00007fffa02d0000 - 0x00007fffa02eb000 	C:\Program Files\Android\Android Studio2\jbr\bin\VCRUNTIME140.dll
0x00007fffb71e0000 - 0x00007fffb7471000 	C:\WINDOWS\WinSxS\amd64_microsoft.windows.common-controls_6595b64144ccf1df_6.0.26100.8972_none_3e0da176e32f9d4b\COMCTL32.dll
0x00007fffd5740000 - 0x00007fffd57e9000 	C:\WINDOWS\System32\msvcrt.dll
0x00007fffd6560000 - 0x00007fffd6592000 	C:\WINDOWS\System32\IMM32.DLL
0x00007fffa02c0000 - 0x00007fffa02cc000 	C:\Program Files\Android\Android Studio2\jbr\bin\vcruntime140_1.dll
0x00007fffb5140000 - 0x00007fffb51cd000 	C:\Program Files\Android\Android Studio2\jbr\bin\msvcp140.dll
0x00007fff30210000 - 0x00007fff30ea6000 	C:\Program Files\Android\Android Studio2\jbr\bin\server\jvm.dll
0x00007fffd57f0000 - 0x00007fffd58ac000 	C:\WINDOWS\System32\ADVAPI32.dll
0x00007fffd65a0000 - 0x00007fffd664a000 	C:\WINDOWS\System32\sechost.dll
0x00007fffd5540000 - 0x00007fffd5658000 	C:\WINDOWS\System32\RPCRT4.dll
0x00007fffd54b0000 - 0x00007fffd5532000 	C:\WINDOWS\System32\WS2_32.dll
0x00007fffd40a0000 - 0x00007fffd40fe000 	C:\WINDOWS\SYSTEM32\POWRPROF.dll
0x00007fffc1990000 - 0x00007fffc19c6000 	C:\WINDOWS\SYSTEM32\WINMM.dll
0x00007fffd2150000 - 0x00007fffd215b000 	C:\WINDOWS\SYSTEM32\VERSION.dll
0x00007fffd4080000 - 0x00007fffd4095000 	C:\WINDOWS\SYSTEM32\UMPDC.dll
0x00007fffd35e0000 - 0x00007fffd35fb000 	C:\WINDOWS\SYSTEM32\kernel.appcore.dll
0x00007fffa02b0000 - 0x00007fffa02ba000 	C:\Program Files\Android\Android Studio2\jbr\bin\jimage.dll
0x00007fffd0f30000 - 0x00007fffd1172000 	C:\WINDOWS\SYSTEM32\DBGHELP.DLL
0x00007fffd61d0000 - 0x00007fffd6555000 	C:\WINDOWS\System32\combase.dll
0x00007fffd5eb0000 - 0x00007fffd5f89000 	C:\WINDOWS\System32\OLEAUT32.dll
0x00007fffa5ac0000 - 0x00007fffa5afb000 	C:\WINDOWS\SYSTEM32\dbgcore.DLL
0x00007fffd4c70000 - 0x00007fffd4d1c000 	C:\WINDOWS\System32\bcryptPrimitives.dll
0x00007fffa0290000 - 0x00007fffa02b0000 	C:\Program Files\Android\Android Studio2\jbr\bin\java.dll
0x00007fffa0270000 - 0x00007fffa0288000 	C:\Program Files\Android\Android Studio2\jbr\bin\zip.dll
0x00007fffd6650000 - 0x00007fffd6dd8000 	C:\WINDOWS\System32\SHELL32.dll
0x00007fffd23e0000 - 0x00007fffd2c7b000 	C:\WINDOWS\SYSTEM32\windows.storage.dll
0x00007fffd6e70000 - 0x00007fffd6f69000 	C:\WINDOWS\System32\SHCORE.dll
0x00007fffd5e40000 - 0x00007fffd5ea6000 	C:\WINDOWS\System32\shlwapi.dll
0x00007fffd4810000 - 0x00007fffd4839000 	C:\WINDOWS\SYSTEM32\profapi.dll
0x00007fff979f0000 - 0x00007fff97a00000 	C:\Program Files\Android\Android Studio2\jbr\bin\net.dll
0x00007fffcb580000 - 0x00007fffcb6a8000 	C:\WINDOWS\SYSTEM32\WINHTTP.dll
0x00007fffd3c00000 - 0x00007fffd3c6c000 	C:\WINDOWS\system32\mswsock.dll
0x00007fff979d0000 - 0x00007fff979e6000 	C:\Program Files\Android\Android Studio2\jbr\bin\nio.dll
0x00007fff974c0000 - 0x00007fff974d0000 	C:\Program Files\Android\Android Studio2\jbr\bin\verify.dll

JVMTI agents: none

dbghelp: loaded successfully - version: 4.0.5 - missing functions: none
symbol engine: initialized successfully - sym options: 0x614 - pdb path: .;C:\Program Files\Android\Android Studio2\jbr\bin;C:\WINDOWS\SYSTEM32;C:\WINDOWS\WinSxS\amd64_microsoft.windows.common-controls_6595b64144ccf1df_6.0.26100.8972_none_3e0da176e32f9d4b;C:\Program Files\Android\Android Studio2\jbr\bin\server

VM Arguments:
java_command: org.jetbrains.kotlin.cli.jvm.K2JVMCompiler @C:\Users\EL-Mostwred\StudioProjects\rasikh\build\webview_flutter_android\20260825_7758988747179529825.compiler.options
java_class_path (initial): C:\Users\EL-Mostwred\.gradle\caches\modules-2\files-2.1\org.jetbrains.kotlin\kotlin-compiler-embeddable\2.1.0\988bf980588bbbcfa1ba19c1ffd7aa869b335a31\kotlin-compiler-embeddable-2.1.0.jar;C:\Users\EL-Mostwred\.gradle\caches\modules-2\files-2.1\org.jetbrains.kotlin\kotlin-stdlib\2.1.0\85f8b81009cda5890e54ba67d64b5e599c645020\kotlin-stdlib-2.1.0.jar;C:\Users\EL-Mostwred\.gradle\caches\modules-2\files-2.1\org.jetbrains.kotlin\kotlin-script-runtime\2.1.0\5909da8c57b75a117714ab0e348c86101b7a3284\kotlin-script-runtime-2.1.0.jar;C:\Users\EL-Mostwred\.gradle\caches\modules-2\files-2.1\org.jetbrains.kotlin\kotlin-reflect\1.6.10\1cbe9c92c12a94eea200d23c2bbaedaf3daf5132\kotlin-reflect-1.6.10.jar;C:\Users\EL-Mostwred\.gradle\caches\modules-2\files-2.1\org.jetbrains.kotlin\kotlin-daemon-embeddable\2.1.0\420bae1908e4a353f5b56c3c850d24d86367b25d\kotlin-daemon-embeddable-2.1.0.jar;C:\Users\EL-Mostwred\.gradle\caches\modules-2\files-2.1\org.jetbrains.intellij.deps\trove4j\1.0.20200330\3afb14d5f9ceb459d724e907a21145e8ff394f02\trove4j-1.0.20200330.jar;C:\Users\EL-Mostwred\.gradle\caches\modules-2\files-2.1\org.jetbrains.kotlinx\kotlinx-coroutines-core-jvm\1.6.4\2c997cd1c0ef33f3e751d3831929aeff1390cb30\kotlinx-coroutines-core-jvm-1.6.4.jar;C:\Users\EL-Mostwred\.gradle\caches\modules-2\files-2.1\org.jetbrains\annotations\13.0\919f0dfe192fb4e063e7dacadee7f8bb9a2672a9\annotations-13.0.jar
Launcher Type: SUN_STANDARD

[Global flags]
     intx CICompilerCount                          = 4                                         {product} {ergonomic}
     uint ConcGCThreads                            = 3                                         {product} {ergonomic}
     uint G1ConcRefinementThreads                  = 10                                        {product} {ergonomic}
   size_t G1HeapRegionSize                         = 4194304                                   {product} {ergonomic}
    uintx GCDrainStackTargetSize                   = 64                                        {product} {ergonomic}
   size_t InitialHeapSize                          = 536870912                                 {product} {ergonomic}
   size_t MarkStackSize                            = 4194304                                   {product} {ergonomic}
   size_t MaxHeapSize                              = 8539602944                                {product} {ergonomic}
   size_t MaxNewSize                               = 5121245184                                {product} {ergonomic}
   size_t MinHeapDeltaBytes                        = 4194304                                   {product} {ergonomic}
   size_t MinHeapSize                              = 8388608                                   {product} {ergonomic}
    uintx NonNMethodCodeHeapSize                   = 5839372                                {pd product} {ergonomic}
    uintx NonProfiledCodeHeapSize                  = 122909434                              {pd product} {ergonomic}
    uintx ProfiledCodeHeapSize                     = 122909434                              {pd product} {ergonomic}
    uintx ReservedCodeCacheSize                    = 251658240                              {pd product} {ergonomic}
     bool SegmentedCodeCache                       = true                                      {product} {ergonomic}
   size_t SoftMaxHeapSize                          = 8539602944                             {manageable} {ergonomic}
     bool UseCompressedOops                        = true                           {product lp64_product} {ergonomic}
     bool UseG1GC                                  = true                                      {product} {ergonomic}
     bool UseLargePagesIndividualAllocation        = false                                  {pd product} {ergonomic}

Logging:
Log output configuration:
 #0: stdout all=warning uptime,level,tags foldmultilines=false
 #1: stderr all=off uptime,level,tags foldmultilines=false

Environment Variables:
JAVA_HOME=C:\Program Files\Android\Android Studio2\jbr
CLASSPATH=C:\Users\EL-Mostwred\StudioProjects\rasikh\android\\gradle\wrapper\gradle-wrapper.jar
PATH=C:\Program Files\Android\Android Studio2\jbr\bin;C:\Users\EL-Mostwred\AppData\Local\Programs\Python\Python313\Scripts\;C:\Users\EL-Mostwred\AppData\Local\Programs\Python\Python313\;C:\WINDOWS\system32;C:\WINDOWS;C:\WINDOWS\System32\Wbem;C:\WINDOWS\System32\WindowsPowerShell\v1.0\;C:\WINDOWS\System32\OpenSSH\;C:\Program Files\Git\cmd;C:\src\flutter\bin;C:\Users\EL-Mostwred\AppData\Local\Pub\Cache\bin;C:\Users\EL-Mostwred\AppData\Roaming\npm;C:\ProgramData\chocolatey\bin;C:\Program Files\nodejs\;C:\Program Files\Java\jdk-21\bin;C:\Users\EL-Mostwred\.local\bin;C:\Program Files\dotnet\;C:\Users\EL-Mostwred\AppData\Local\Microsoft\WindowsApps;C:\src\flutter\bin;C:\Program Files\Graphviz\bin;C:\Users\EL-Mostwred\AppData\Local\Programs\cursor\resources\app\bin;C:\Users\EL-Mostwred\AppData\Local\Pub\Cache\bin;C:\Users\EL-Mostwred\AppData\Local\Pub\Cache\bin;C:\Users\EL-Mostwred\AppData\Roaming\npm;C:\Users\EL-Mostwred\.local\bin;C:\Users\EL-Mostwred\AppData\Local\Programs\Microsoft VS Code\bin;C:\Users\EL-Mostwred\AppData\Local\GitHubDesktop\bin;C:\Users\EL-Mostwred\AppData\Local\Kingsoft\WPS Office\12.1.0.27458\clitool;C:\src\flutter\bin\mingit\cmd
USERNAME=EL-Mostwred
OS=Windows_NT
PROCESSOR_IDENTIFIER=Intel64 Family 6 Model 158 Stepping 10, GenuineIntel
TMP=C:\Users\EL-MOS~1\AppData\Local\Temp
TEMP=C:\Users\EL-MOS~1\AppData\Local\Temp




Periodic native trim disabled

JNI global refs:
JNI global refs: 14, weak refs: 14

JNI global refs memory usage: 835, weak refs: 833

Process memory usage:
Resident Set Size: 404004K (1% of 33355492K total physical memory with 7704284K free physical memory)

OOME stack traces (most recent first):
Classloader memory used:
Loader jdk.internal.loader.ClassLoaders$AppClassLoader                                 : 58678K
Loader bootstrap                                                                       : 11083K

---------------  S Y S T E M  ---------------

OS:
 Windows 11 , 64 bit Build 26100 (10.0.26100.9168)
OS uptime: 0 days 5:45 hours

CPU: total 12 (initial active 12) (6 cores per cpu, 2 threads per core) family 6 model 158 stepping 10 microcode 0xf8, cx8, cmov, fxsr, ht, mmx, 3dnowpref, sse, sse2, sse3, ssse3, sse4.1, sse4.2, popcnt, lzcnt, tsc, tscinvbit, avx, avx2, aes, erms, clmul, bmi1, bmi2, adx, fma, vzeroupper, clflush, clflushopt, rdtscp, f16c
Processor Information for the first 12 processors :
  Max Mhz: 2592, Current Mhz: 2592, Mhz Limit: 2592

Memory: 4k page, system-wide physical 32573M (7521M free)
TotalPageFile size 47794M (AvailPageFile size 4M)
current process WorkingSet (physical memory assigned to process): 395M, peak: 395M
current process commit charge ("private bytes"): 451M, peak: 628M

vm_info: OpenJDK 64-Bit Server VM (21.0.8+-14196175-b1038.72) for windows-amd64 JRE (21.0.8+-14196175-b1038.72), built on 2025-10-01T10:24:33Z by "builder" with MS VC++ 16.10 / 16.11 (VS2019)

END.
