#
# There is insufficient memory for the Java Runtime Environment to continue.
# Native memory allocation (mmap) failed to map 536870912 bytes. Error detail: G1 virtual space
# Possible reasons:
#   The system is out of physical RAM or swap space
#   This process is running with CompressedOops enabled, and the Java Heap may be blocking the growth of the native heap
# Possible solutions:
#   Reduce memory load on the system
#   Increase physical memory or swap space
#   Check if swap backing store is full
#   Decrease Java heap size (-Xmx/-Xms)
#   Decrease number of Java threads
#   Decrease Java thread stack sizes (-Xss)
#   Set larger code cache with -XX:ReservedCodeCacheSize=
#   JVM is running with Zero Based Compressed Oops mode in which the Java heap is
#     placed in the first 32GB address space. The Java Heap base address is the
#     maximum limit for the native heap growth. Please use -XX:HeapBaseMinAddress
#     to set the Java Heap base and to place the Java Heap above 32GB virtual address.
# This output file may be truncated or incomplete.
#
#  Out of Memory Error (os_windows.cpp:3925), pid=31176, tid=33460
#
# JRE version:  (21.0.8) (build )
# Java VM: OpenJDK 64-Bit Server VM (21.0.8+-14196175-b1038.72, mixed mode, sharing, tiered, compressed oops, compressed class ptrs, g1 gc, windows-amd64)
# No core dump will be written. Minidumps are not enabled by default on client versions of Windows
#

---------------  S U M M A R Y ------------

Command Line: org.jetbrains.kotlin.cli.jvm.K2JVMCompiler @C:\Users\EL-Mostwred\StudioProjects\rasikh\build\shared_preferences_android\20260825_12755053843402762035.compiler.options

Host: Intel(R) Core(TM) i7-9750H CPU @ 2.60GHz, 12 cores, 31G,  Windows 11 , 64 bit Build 26100 (10.0.26100.9168)
Time: Tue Aug 25 13:52:06 2026 Egypt Daylight Time elapsed time: 0.023043 seconds (0d 0h 0m 0s)

---------------  T H R E A D  ---------------

Current thread (0x000002311c825080):  JavaThread "Unknown thread" [_thread_in_vm, id=33460, stack(0x00000052d6100000,0x00000052d6200000) (1024K)]

Stack: [0x00000052d6100000,0x00000052d6200000]
Native frames: (J=compiled Java code, j=interpreted, Vv=VM code, C=native code)
V  [jvm.dll+0x6d68d9]
V  [jvm.dll+0x866693]
V  [jvm.dll+0x868c4e]
V  [jvm.dll+0x869333]
V  [jvm.dll+0x280566]
V  [jvm.dll+0x6d3195]
V  [jvm.dll+0x6c69ea]
V  [jvm.dll+0x3586db]
V  [jvm.dll+0x360336]
V  [jvm.dll+0x3b23f6]
V  [jvm.dll+0x3b26c8]
V  [jvm.dll+0x32ae6c]
V  [jvm.dll+0x32bb5b]
V  [jvm.dll+0x82e109]
V  [jvm.dll+0x3bf5c8]
V  [jvm.dll+0x817388]
V  [jvm.dll+0x453b6e]
V  [jvm.dll+0x4552d1]
C  [jli.dll+0x52ab]
C  [ucrtbase.dll+0x2cd30]
C  [KERNEL32.DLL+0x2ccb7]
C  [ntdll.dll+0xaad6c]


---------------  P R O C E S S  ---------------

Threads class SMR info:
_java_thread_list=0x00007ffc7d4eb988, length=0, elements={
}

Java Threads: ( => current thread )
Total: 0

Other Threads:
  0x000002311eba41e0 WorkerThread "GC Thread#0"                     [id=34964, stack(0x00000052d6200000,0x00000052d6300000) (1024K)]
  0x000002311ebb5c50 ConcurrentGCThread "G1 Main Marker"            [id=36264, stack(0x00000052d6300000,0x00000052d6400000) (1024K)]
  0x000002311ebb7590 WorkerThread "G1 Conc#0"                       [id=26216, stack(0x00000052d6400000,0x00000052d6500000) (1024K)]

[error occurred during error reporting (printing all threads), id 0xc0000005, EXCEPTION_ACCESS_VIOLATION (0xc0000005) at pc=0x00007ffc7ccdddd7]
VM state: not at safepoint (not fully initialized)

VM Mutex/Monitor currently owned by a thread:  ([mutex/lock_event])
[0x00007ffc7d5586b8] Heap_lock - owner thread: 0x000002311c825080

Heap address: 0x0000000603000000, size: 8144 MB, Compressed Oops mode: Zero based, Oop shift amount: 3

CDS archive(s) mapped at: [0x0000000000000000-0x0000000000000000-0x0000000000000000), size 0, SharedBaseAddress: 0x0000000800000000, ArchiveRelocationMode: 1.
Narrow klass base: 0x0000000000000000, Narrow klass shift: 0, Narrow klass range: 0x0

GC Precious Log:
 CardTable entry size: 512
 Card Set container configuration: InlinePtr #cards 4 size 8 Array Of Cards #cards 32 size 80 Howl #buckets 8 coarsen threshold 7372 Howl Bitmap #cards 1024 size 144 coarsen threshold 921 Card regions per heap region 1 cards per card region 8192

Heap:
 garbage-first heap   total 0K, used 0K [0x0000000603000000, 0x0000000800000000)
  region size 4096K, 0 young (0K), 0 survivors (0K)
 Metaspace       used 0K, committed 0K, reserved 0K
  class space    used 0K, committed 0K, reserved 0K

Heap Regions: E=young(eden), S=young(survivor), O=old, HS=humongous(starts), HC=humongous(continues), CS=collection set, F=free, TAMS=top-at-mark-start, PB=parsable bottom

Card table byte_map: [0x0000023132190000,0x0000023133180000] _byte_map_base: 0x000002312f178000

Marking Bits: (CMBitMap*) 0x000002311eba54f0
 Bits: [0x0000023133180000, 0x000002313b0c0000)

GC Heap History (0 events):
No events

Dll operation events (1 events):
Event: 0.016 Loaded shared library C:\Program Files\Android\Android Studio2\jbr\bin\java.dll

Deoptimization events (0 events):
No events

Classes loaded (0 events):
No events

Classes unloaded (0 events):
No events

Classes redefined (0 events):
No events

Internal exceptions (0 events):
No events

ZGC Phase Switch (0 events):
No events

VM Operations (0 events):
No events

Memory protections (0 events):
No events

Nmethod flushes (0 events):
No events

Events (0 events):
No events


Dynamic libraries:
0x00007ff6dec50000 - 0x00007ff6dec5a000 	C:\Program Files\Android\Android Studio2\jbr\bin\java.exe
0x00007ffd6c140000 - 0x00007ffd6c3a6000 	C:\WINDOWS\SYSTEM32\ntdll.dll
0x00007ffd6b0f0000 - 0x00007ffd6b1b9000 	C:\WINDOWS\System32\KERNEL32.DLL
0x00007ffd69690000 - 0x00007ffd69a8f000 	C:\WINDOWS\System32\KERNELBASE.dll
0x00007ffd69aa0000 - 0x00007ffd69bec000 	C:\WINDOWS\System32\ucrtbase.dll
0x00007ffd48a60000 - 0x00007ffd48a78000 	C:\Program Files\Android\Android Studio2\jbr\bin\jli.dll
0x00007ffd6b440000 - 0x00007ffd6b606000 	C:\WINDOWS\System32\USER32.dll
0x00007ffc914a0000 - 0x00007ffc914bb000 	C:\Program Files\Android\Android Studio2\jbr\bin\VCRUNTIME140.dll
0x00007ffd69e40000 - 0x00007ffd69e67000 	C:\WINDOWS\System32\win32u.dll
0x00007ffd69fc0000 - 0x00007ffd69feb000 	C:\WINDOWS\System32\GDI32.dll
0x00007ffd69560000 - 0x00007ffd69689000 	C:\WINDOWS\System32\gdi32full.dll
0x00007ffd69c00000 - 0x00007ffd69ca3000 	C:\WINDOWS\System32\msvcp_win.dll
0x00007ffd56680000 - 0x00007ffd56911000 	C:\WINDOWS\WinSxS\amd64_microsoft.windows.common-controls_6595b64144ccf1df_6.0.26100.8972_none_3e0da176e32f9d4b\COMCTL32.dll
0x00007ffd69ff0000 - 0x00007ffd6a099000 	C:\WINDOWS\System32\msvcrt.dll
0x00007ffd6b1c0000 - 0x00007ffd6b1f2000 	C:\WINDOWS\System32\IMM32.DLL
0x00007ffcfe6f0000 - 0x00007ffcfe6fc000 	C:\Program Files\Android\Android Studio2\jbr\bin\vcruntime140_1.dll
0x00007ffcf1010000 - 0x00007ffcf109d000 	C:\Program Files\Android\Android Studio2\jbr\bin\msvcp140.dll
0x00007ffc7c9a0000 - 0x00007ffc7d636000 	C:\Program Files\Android\Android Studio2\jbr\bin\server\jvm.dll
0x00007ffd69ef0000 - 0x00007ffd69fac000 	C:\WINDOWS\System32\ADVAPI32.dll
0x00007ffd6bc90000 - 0x00007ffd6bd3a000 	C:\WINDOWS\System32\sechost.dll
0x00007ffd6ad70000 - 0x00007ffd6ae88000 	C:\WINDOWS\System32\RPCRT4.dll
0x00007ffd6bfe0000 - 0x00007ffd6c062000 	C:\WINDOWS\System32\WS2_32.dll
0x00007ffd68b30000 - 0x00007ffd68b8e000 	C:\WINDOWS\SYSTEM32\POWRPROF.dll
0x00007ffd56540000 - 0x00007ffd56576000 	C:\WINDOWS\SYSTEM32\WINMM.dll
0x00007ffd664b0000 - 0x00007ffd664bb000 	C:\WINDOWS\SYSTEM32\VERSION.dll
0x00007ffd68b10000 - 0x00007ffd68b25000 	C:\WINDOWS\SYSTEM32\UMPDC.dll
0x00007ffd68040000 - 0x00007ffd6805b000 	C:\WINDOWS\SYSTEM32\kernel.appcore.dll
0x00007ffc9dc30000 - 0x00007ffc9dc3a000 	C:\Program Files\Android\Android Studio2\jbr\bin\jimage.dll
0x00007ffd63c00000 - 0x00007ffd63e42000 	C:\WINDOWS\SYSTEM32\DBGHELP.DLL
0x00007ffd6b790000 - 0x00007ffd6bb15000 	C:\WINDOWS\System32\combase.dll
0x00007ffd6b010000 - 0x00007ffd6b0e9000 	C:\WINDOWS\System32\OLEAUT32.dll
0x00007ffd57a90000 - 0x00007ffd57acb000 	C:\WINDOWS\SYSTEM32\dbgcore.DLL
0x00007ffd69410000 - 0x00007ffd694bc000 	C:\WINDOWS\System32\bcryptPrimitives.dll
0x00007ffc7f010000 - 0x00007ffc7f030000 	C:\Program Files\Android\Android Studio2\jbr\bin\java.dll

JVMTI agents: none

dbghelp: loaded successfully - version: 4.0.5 - missing functions: none
symbol engine: initialized successfully - sym options: 0x614 - pdb path: .;C:\Program Files\Android\Android Studio2\jbr\bin;C:\WINDOWS\SYSTEM32;C:\WINDOWS\WinSxS\amd64_microsoft.windows.common-controls_6595b64144ccf1df_6.0.26100.8972_none_3e0da176e32f9d4b;C:\Program Files\Android\Android Studio2\jbr\bin\server

VM Arguments:
java_command: org.jetbrains.kotlin.cli.jvm.K2JVMCompiler @C:\Users\EL-Mostwred\StudioProjects\rasikh\build\shared_preferences_android\20260825_12755053843402762035.compiler.options
java_class_path (initial): C:\Users\EL-Mostwred\.gradle\caches\modules-2\files-2.1\org.jetbrains.kotlin\kotlin-compiler-embeddable\2.1.0\988bf980588bbbcfa1ba19c1ffd7aa869b335a31\kotlin-compiler-embeddable-2.1.0.jar;C:\Users\EL-Mostwred\.gradle\caches\modules-2\files-2.1\org.jetbrains.kotlin\kotlin-stdlib\2.1.0\85f8b81009cda5890e54ba67d64b5e599c645020\kotlin-stdlib-2.1.0.jar;C:\Users\EL-Mostwred\.gradle\caches\modules-2\files-2.1\org.jetbrains.kotlin\kotlin-script-runtime\2.1.0\5909da8c57b75a117714ab0e348c86101b7a3284\kotlin-script-runtime-2.1.0.jar;C:\Users\EL-Mostwred\.gradle\caches\modules-2\files-2.1\org.jetbrains.kotlin\kotlin-reflect\1.6.10\1cbe9c92c12a94eea200d23c2bbaedaf3daf5132\kotlin-reflect-1.6.10.jar;C:\Users\EL-Mostwred\.gradle\caches\modules-2\files-2.1\org.jetbrains.kotlin\kotlin-daemon-embeddable\2.1.0\420bae1908e4a353f5b56c3c850d24d86367b25d\kotlin-daemon-embeddable-2.1.0.jar;C:\Users\EL-Mostwred\.gradle\caches\modules-2\files-2.1\org.jetbrains.intellij.deps\trove4j\1.0.20200330\3afb14d5f9ceb459d724e907a21145e8ff394f02\trove4j-1.0.20200330.jar;C:\Users\EL-Mostwred\.gradle\caches\modules-2\files-2.1\org.jetbrains.kotlinx\kotlinx-coroutines-core-jvm\1.6.4\2c997cd1c0ef33f3e751d3831929aeff1390cb30\kotlinx-coroutines-core-jvm-1.6.4.jar;C:\Users\EL-Mostwred\.gradle\caches\modules-2\files-2.1\org.jetbrains\annotations\13.0\919f0dfe192fb4e063e7dacadee7f8bb9a2672a9\annotations-13.0.jar
Launcher Type: SUN_STANDARD

[Global flags]
     intx CICompilerCount                          = 4                                         {product} {ergonomic}
     uint ConcGCThreads                            = 3                                         {product} {ergonomic}
     uint G1ConcRefinementThreads                  = 10                                        {product} {ergonomic}
   size_t G1HeapRegionSize                         = 4194304                                   {product} {ergonomic}
    uintx GCDrainStackTargetSize                   = 64                                        {product} {ergonomic}
   size_t InitialHeapSize                          = 536870912                                 {product} {ergonomic}
   size_t MarkStackSize                            = 4194304                                   {product} {ergonomic}
   size_t MaxHeapSize                              = 8539602944                                {product} {ergonomic}
   size_t MinHeapDeltaBytes                        = 4194304                                   {product} {ergonomic}
   size_t MinHeapSize                              = 8388608                                   {product} {ergonomic}
    uintx NonNMethodCodeHeapSize                   = 5839372                                {pd product} {ergonomic}
    uintx NonProfiledCodeHeapSize                  = 122909434                              {pd product} {ergonomic}
    uintx ProfiledCodeHeapSize                     = 122909434                              {pd product} {ergonomic}
    uintx ReservedCodeCacheSize                    = 251658240                              {pd product} {ergonomic}
     bool SegmentedCodeCache                       = true                                      {product} {ergonomic}
   size_t SoftMaxHeapSize                          = 8539602944                             {manageable} {ergonomic}
     bool UseCompressedOops                        = true                           {product lp64_product} {ergonomic}
     bool UseG1GC                                  = true                                      {product} {ergonomic}
     bool UseLargePagesIndividualAllocation        = false                                  {pd product} {ergonomic}

Logging:
Log output configuration:
 #0: stdout all=warning uptime,level,tags foldmultilines=false
 #1: stderr all=off uptime,level,tags foldmultilines=false

Environment Variables:
JAVA_HOME=C:\Program Files\Android\Android Studio2\jbr
CLASSPATH=C:\Users\EL-Mostwred\StudioProjects\rasikh\android\\gradle\wrapper\gradle-wrapper.jar
PATH=C:\Program Files\Android\Android Studio2\jbr\bin;C:\Users\EL-Mostwred\AppData\Local\Programs\Python\Python313\Scripts\;C:\Users\EL-Mostwred\AppData\Local\Programs\Python\Python313\;C:\WINDOWS\system32;C:\WINDOWS;C:\WINDOWS\System32\Wbem;C:\WINDOWS\System32\WindowsPowerShell\v1.0\;C:\WINDOWS\System32\OpenSSH\;C:\Program Files\Git\cmd;C:\src\flutter\bin;C:\Users\EL-Mostwred\AppData\Local\Pub\Cache\bin;C:\Users\EL-Mostwred\AppData\Roaming\npm;C:\ProgramData\chocolatey\bin;C:\Program Files\nodejs\;C:\Program Files\Java\jdk-21\bin;C:\Users\EL-Mostwred\.local\bin;C:\Program Files\dotnet\;C:\Users\EL-Mostwred\AppData\Local\Microsoft\WindowsApps;C:\src\flutter\bin;C:\Program Files\Graphviz\bin;C:\Users\EL-Mostwred\AppData\Local\Programs\cursor\resources\app\bin;C:\Users\EL-Mostwred\AppData\Local\Pub\Cache\bin;C:\Users\EL-Mostwred\AppData\Local\Pub\Cache\bin;C:\Users\EL-Mostwred\AppData\Roaming\npm;C:\Users\EL-Mostwred\.local\bin;C:\Users\EL-Mostwred\AppData\Local\Programs\Microsoft VS Code\bin;C:\Users\EL-Mostwred\AppData\Local\GitHubDesktop\bin;C:\Users\EL-Mostwred\AppData\Local\Kingsoft\WPS Office\12.1.0.27458\clitool;C:\src\flutter\bin\mingit\cmd
USERNAME=EL-Mostwred
OS=Windows_NT
PROCESSOR_IDENTIFIER=Intel64 Family 6 Model 158 Stepping 10, GenuineIntel
TMP=C:\Users\EL-MOS~1\AppData\Local\Temp
TEMP=C:\Users\EL-MOS~1\AppData\Local\Temp




Periodic native trim disabled

JNI global refs:
JNI global refs: 0, weak refs: 0

JNI global refs memory usage: 0, weak refs: 0

Process memory usage:
Resident Set Size: 13272K (0% of 33355492K total physical memory with 7508204K free physical memory)

OOME stack traces (most recent first):
Classloader memory used:

---------------  S Y S T E M  ---------------

OS:
 Windows 11 , 64 bit Build 26100 (10.0.26100.9168)
OS uptime: 1 days 6:39 hours

CPU: total 12 (initial active 12) (6 cores per cpu, 2 threads per core) family 6 model 158 stepping 10 microcode 0xf8, cx8, cmov, fxsr, ht, mmx, 3dnowpref, sse, sse2, sse3, ssse3, sse4.1, sse4.2, popcnt, lzcnt, tsc, tscinvbit, avx, avx2, aes, erms, clmul, bmi1, bmi2, adx, fma, vzeroupper, clflush, clflushopt, rdtscp, f16c
Processor Information for the first 12 processors :
  Max Mhz: 2592, Current Mhz: 2592, Mhz Limit: 2592

Memory: 4k page, system-wide physical 32573M (7332M free)
TotalPageFile size 47375M (AvailPageFile size 464M)
current process WorkingSet (physical memory assigned to process): 12M, peak: 12M
current process commit charge ("private bytes"): 64M, peak: 576M

vm_info: OpenJDK 64-Bit Server VM (21.0.8+-14196175-b1038.72) for windows-amd64 JRE (21.0.8+-14196175-b1038.72), built on 2025-10-01T10:24:33Z by "builder" with MS VC++ 16.10 / 16.11 (VS2019)

END.
